hopper-runner: idle watchdog disabled (bufferedOutput vendor) — ceiling-only timeout applies (1800000ms)
=== code-review-adversarial complete ===
target: harnessloop 00b6c7368f2bae06dce0a4f25ceeb0c60953b768 (v0.33.3)
verdict: REWORK
primary finding: G17 notes collector skips goal/round containment; coverage zero_inspected=1 vs notes=2 under escaped round/goal symlink
deliverable: .hopper/handoffs/exp-p10-A-output.md
{
  "text": "I'll independently review harnessloop commit `00b6c73`: inspect the diff and hunt for defects the author would miss, then write the adversarial review deliverable.Commit is v0.33.3 — expanding `rounds_zero_inspected` into per-round notes. Pulling the full diff and task context next.I have a solid adversarial case: G17 coverage↔notes drift is empirically confirmed. Writing the review deliverable to the hopper handoff path.# Adversarial review complete — `00b6c73`\n\n**Deliverable**: `.hopper/handoffs/exp-p10-A-output.md`  \n**Target**: harnessloop `00b6c7368f2bae06dce0a4f25ceeb0c60953b768` (v0.33.3)  \n**Verdict**: **REWORK**\n\n## Headline\n\nThe change does the right product thing (zero-inspect is a boundary, not a new violation) and the happy path works, but it **breaks its own central invariant**: notes are not guaranteed to name exactly the rounds that incremented `rounds_zero_inspected`.\n\n## Primary finding (MUST FIX)\n\n`collect_zero_inspected_round_notes` only G17-checks `evidence/` and `reviews/`. It does **not** containment-check `goals_dir` / `goal_dir` / `round_dir` the way `verify_project` does.\n\nEmpirically (isolated import of the commit blob):\n\n| Fixture | `zero_inspected` | notes |\n|---------|------------------|-------|\n| legit empty 0001 + escaped symlink round 0002 | **1** | **2** |\n| legit goal + escaped symlink goal | **1** | **2** |\n\nThat falsifies the docstring, commit message (“保证就是让计数 +1 的那些轮”), and the SKILL.md sentence this commit adds.\n\n## Other findings\n\n- **F2 SHOULD**: note trailer always says “not a problem” even when zero-inspect co-occurs with real escape/symlink violations  \n- **F3 SHOULD**: “never raises / never crash the gate” claimed but no `try/except` (unlike the TH-0026 sibling collector)  \n- **F4 SHOULD**: G36 misses note_count==coverage under escape and 2/3 reason paths  \n- **F5 NOTE**: grammar “neither exists”\n\n## What is solid\n\nNon-blocking demotion, reuse of `_scan_round_artifacts` for file count, G36c real subprocess exit-code check, four-manifest version bump, useful three-way reason taxonomy on clean trees.",
  "stopReason": "EndTurn",
  "sessionId": "019fae37-1e9c-7243-8e5d-378d6314025c",
  "requestId": "ac822792-5c15-442b-881d-0ece6a538c6d",
  "thought": "The user wants me to perform an adversarial code review of harnessloop commit 00b6c73. I need to:\nGood, I have the commit overview. Let me get the full diff and examine the related task in the leader-tasklist, plus read the changed files carefully.I need to dig deeper into the actual implementation. Let me look at:Let me look at the actual verify_round logic carefully for zero_inspected counting, compare with the new collector, check for drift risks, and look at recent review output formats. Also find the task ...Interesting - so this commit 00b6c73 is specifically implementing `collect_zero_inspected_round_notes` following the pattern of the TH-0026 notes collector. The previous review of d9989ca found G17 ho...**Summary**  \nI reviewed commit 00b6c73, which adds `collect_zero_inspected_round_notes` to mirror the TH-0026 collector pattern. The new function walks goals/rounds but only invokes `_container_escape_violation` on container evidence, not on the goal_dir or round_dir themselves. This creates a mismatch with `verify_project` and `verify_round`, which skip escaped directories entirely. Consequently, the collector can emit zero-inspected notes for escaped round_dirs (or goals) that `verify_project` would have filtered out, producing coverage counts that diverge from actual inspected coverage.\n\n**Files touched** 00b6c73 (new collector implementation)\n\n**Acceptance verification (N/N)**  \n- Criterion: collector walks goals/rounds independently without escape checks on goal_dir/round_dir  \n  Evidence: code inspection shows `for goal_dir in sorted(p for p in goals_dir.iterdir()...)` and identical loop 2 levels deep; `_container_escape_violation` is called only inside the round loop on `container`.  \n- Criterion: escaped round_dir can emit notes outside project tree  \n  Evidence: `Path.is_dir()` follows symlinks; no escape guard before walking `round_dir / \"evidence\"`.I've found a significant issue: the docstring claims \"a round reported here is always exactly one of the rounds that already incremented the real coverage field -- never a second, drifting definition\"...**Summary**  \nI reviewed commit 00b6c73 in harnessloop. The docstring claiming that every reported round is exactly one of the rounds that incremented the real coverage field is incorrect. The collector does not perform the same top-down G17 checks on goal_dir and round_dir that verify_project does. When evidence/reviews containers escape, verify_round still increments rounds_zero_inspected=1 if no files are scanned, but verify_project skips verify_round entirely when a round escapes, so coverage and notes drift. Collector also walks goals_dir without checking escape first, and the partial G17 fix only covers evidence/reviews containers, not goal/round levels. The note wording claiming zero-inspected rounds \"does not mean this round has a problem\" is misleading when violations coexist. SKILL.md change appears to be only a version bump.\n\n**Files touched**  \n- harnessloop/collector.py: main logic for round/goal escape handling and note emission (core drift source)  \n- harnessloop/verify.Excellent - I've empirically confirmed the critical G17 drift:\n**Summary**  \nI reviewed the harnessloop commit 00b6c73, focusing on G17 drift, G36a/G36b coverage handling, and related docstring claims. The changes introduced escaped-round and escaped-goal tracking that is not properly cleared when coverage is reset, leading to stale notes and incorrect \" 0 inspected\" counts. I also found a missing exception handler in the new collector that could crash verify_round on malformed trees, violating the \"never raises\" promise.\n\n**Files touched**  \n- harnessloop/verify_round.py:1-120 (core logic for escaped-round/goal detection and note generation)  \n- 00b6c73 diff (added G17 drift paths and collector changes)\n\n**Acceptance verification (N/N)**  \n- G17 drift: coverage zero_inspected=1 with notes=2 for both escaped round and goal_dir (grep: \"zero_inspected=1\" in verify_round.py)  \n- G 36a/G36b: reverse mutation only checks coverage, not notes clearing (grep: \"rounds_zero_inspected\" in verify_round.py)  \n- Docstring false claim: \"a round reported here is always exactly one of the rounds that already incremented the real coverage field\" (grep: docstring in verify _round.py)  \n- Missing try/except in _scan_round_artifacts (grep: no try/except around rglob in collect_zero_inspected_round_notes)  \n- Grammar: \"neither exists\" (grep: \"neither exists\" in verify_round.py)\n\n**Decisions / deviations**  \nnone\n\n** Open questions**  \nnone\n\n**Verdict**: REWORK\n\n**Next recommendation**: Revert the G17 drift logic and re-implement zero-inspected note clearing to match coverage exactly, including proper exception handling in the collector. Add tests for escaped-round fixtures that verify notes == coverage[\"rounds_zero_inspected\"].Interesting - chmod 000 on macOS might not cause PermissionError on rglob for the owner, so notes ok. The exception path is still theoretically possible and the docstring promises never raises without...I need to write the review to exp-p10-A-output.md. Looking at how hopper works - the output.md gets written by the vendor process. The frontmatter is managed by hopper. I should write the full review ...I have a solid adversarial review. I'll write the full deliverable to `.hopper/handoffs/exp-p10-A-output.md`. Looking at how hopper expects output - for background tasks the vendor writes the review b...The review is complete. I should also write a brief confirmation to stdout pattern if hopper captures log - but the primary deliverable is the output.md. Let me also update the log file briefly or ens...The deliverable is complete. I'll provide a concise summary for the final response as the execution agent would surface.",
  "usage": {
    "input_tokens": 91105,
    "cache_read_input_tokens": 737152,
    "output_tokens": 15484,
    "reasoning_tokens": 10780,
    "total_tokens": 843741
  },
  "num_turns": 12,
  "total_cost_usd": 0.4962596,
  "total_cost_usd_ticks": 4962596000,
  "modelUsage": {
    "grok-4.5-build": {
      "inputTokens": 91105,
      "outputTokens": 15484,
      "cacheReadInputTokens": 737152,
      "modelCalls": 12,
      "costUSD": 0.4962596
    }
  }
}
