hopper-runner: idle watchdog disabled (bufferedOutput vendor) — ceiling-only timeout applies (1800000ms)
{
  "text": "I'll execute T-009 as pure research: read the existing fact baseline and review blockers, then deep-dive openclaw `sessions.steer` and newapi session-level cost attribution.Next I'll dig into openclaw's repo for the `sessions.steer` handler and new-api's token APIs.Source shows `sessions.steer` is interrupt-then-send, not soft inject — pulling the param schema and tests next.I have enough source evidence. Writing the T-009 research deliverable.## T-009 完成 — Verdict: **PASS**\n\n已落盘：`.hopper/handoffs/T-009-output.md`\n\n### ① openclaw `sessions.steer`（源码已确认）\n\n| 项 | 事实 |\n|----|------|\n| **真语义** | **≠** 产品「同 run 无损注入」。与 `sessions.send` 共用 handler，仅 `interruptIfActive:true` → **abort 活跃 run 再 `chat.send`**（UI 称 hard redirect / `/redirect`） |\n| **请求** | `SessionsSendParams`：`key` + `message` + 可选 `agentId`/`thinking`/`attachments`/`timeoutMs`/`idempotencyKey`。**无 `runId`** |\n| **响应** | chat.send ack（`runId`/`status`…）+ 可选 `messageSeq` + 可选 `interruptedActiveRun:true`。**无** `accepted_as_steer \\| queued_as_followup \\| rejected` |\n| **Soft inject** | 另一路径：`chat.send` + `queueMode:\"steer\"`，或 messaging `/steer` 内部 queue；后者拒收时**静默降级**为 normal prompt |\n| **「保留产出再注入」** | Soft path 文档/实现支持（不打断在途 tool）；**不能**安在 `sessions.steer` 上 |\n\n### ② newapi session 级归因\n\n- 粒度 = **user 下多 Token**，无原生 `session_id`\n- **可行但有硬前提**：每 session 独立 token + **模型调用必须用该 key** + `token_name`/`usage` 查询\n- 仅存 `tokenRef`、不注入请求 → **session 级因果链断裂**（坐实 T-008 BLOCKER-2）\n\n### 对 D1 v3.1\n\n1. **拆映射**：hard ↔ `sessions.steer`；soft ↔ `chat.send`+`queueMode:steer`；删除「无损/`steerNative⇒保留产出`」\n2. **§7**：要么让专用 token 真进模型请求，要么撤回 session 级归因",
  "stopReason": "EndTurn",
  "sessionId": "019f8425-05f8-7613-9688-00044c68d861",
  "requestId": "b8364841-79f5-459e-ac42-eb061a8da6eb",
  "thought": "The user wants me to execute a research task (T-009) as a prd-research agent. I need to:\nI need to deep-dive into openclaw source code for sessions.steer and new-api for session-level token attribution. Let me search GitHub and official docs/source.Good, I have product-level docs. Now I need the exact RPC schema from source. Let me find the openclaw GitHub repo and search for sessions.steer.The protocol docs mention `sessions.steer` is the interrupt-and-steer variant but don't give exact params/response. There's also `talk.client.steer` which \"returns a structured accepted/rejected resul...Let me find the official openclaw repo. The docs mention src/gateway/ paths, so there's a monorepo.Found the main repo: openclaw/openclaw. Let me search for sessions.steer in that repo using GitHub raw/search APIs or clone and grep. Given the size (383k stars), I should use GitHub code search via r...Good progress. Let me use gh to search code in openclaw/openclaw for sessions.steerExcellent! Found the key files. Let me fetch the source files for the handler, types, UI client, and tests.Let me read the key files we downloaded.This is a major finding! Looking at the source code for `sessions.steer`:\n**Summary**  \nI performed a deep source-level investigation of the openclaw sessions.steer RPC contract and newapi session-level cost attribution feasibility. The steer implementation was found to be an interrupt-and-resend path rather than the soft-inject behavior described in product documentation.Found the schema file. Let me extract SessionsSend related schemas.Let me read the SessionsSendParamsSchema fullyConfirmed SessionsSendParams:There's logs-chat.ts - let me search for ChatSend in that and protocol-schemasLet me get the full ChatSendParamsSchema and the result/ack schema from logs-chat.tsI need more on chat.send result and soft steering path. Also talk.client.steer for comparison which returns accepted/rejected.Important finding for soft steer vs sessions.steer:\nHit rate limit on gh search. Let me use raw file downloads and git clone sparse if needed.Let me read commands-steer.ts and types for queue, and also chat handler for queueModePerfect - I have the soft /steer command path. Let me get the rest of the handleSteerCommand and the queueEmbeddedAgentMessageWithOutcomeAsync function for outcome types.Let me get the full outcome type definitions from runs.tsThe sed of /tmp/oc-emb.ts failed empty - maybe the file download overwrote incorrectly. Let me re-download runs.tsI have solid evidence for openclaw. Key distinction:\nGood - token management is confirmed. Let me read the model and controller source to confirm:Let me get the full Token struct and AddToken body, and log model for token_name filtering.I also notice a discrepancy: docs say name max 30, source checks len > 50. Minor detail.\n**Summary**  \nConducted deep repo-level research on openclaw sessions.steer RPC contract and newapi token/key granularity for session-level cost attribution. Confirmed steer behavior via source analysis; newapi supports session-bound token creation with name-based logging for attribution but requires post-creation lookup for the key. Output written to .Excellent UI test evidence: `sessions.steer` is explicitly used by `/redirect` as \"hard kill-and-restart\", not soft inject!\nThis is gold! UI Control UI soft steer uses `chat.send` with `queueMode: \"steer\"`, NOT `sessions.steer`. And `sessions.steer` is for `/redirect` hard kill-and-restart!\nI have enough to write a comprehensive T-009 output. Let me also quickly check chat.send with queueMode steer behavior when runtime rejects - does it return special status or just start as followup?\n\n...**Summary**  \nI researched the two BLOCKER facts for D1 KernelPort v3.1 using deep repo analysis. For openclaw sessions.steer, I located the GitHub repo, found the RPC handler in sessions.I'll write the full research output to T-009-output.md. The frontmatter is typically managed by hopper - I should update status to done and put the research content, but hoppers might own frontmatter....I'll write a comprehensive T-009 output following the required shape.The task is complete. I've written the research deliverable. Let me provide a brief summary as the final response for the hopper dispatch.",
  "usage": {
    "input_tokens": 133492,
    "cache_read_input_tokens": 2937472,
    "output_tokens": 16370,
    "reasoning_tokens": 15065,
    "total_tokens": 3087334
  },
  "num_turns": 32,
  "total_cost_usd": 1.2764456,
  "total_cost_usd_ticks": 12764456000,
  "modelUsage": {
    "grok-4.5-build": {
      "inputTokens": 133492,
      "outputTokens": 16370,
      "cacheReadInputTokens": 2937472,
      "modelCalls": 32,
      "costUSD": 1.2764456
    }
  }
}
