hopper-runner: idle watchdog disabled (bufferedOutput vendor) — ceiling-only timeout applies (1800000ms)
{
  "text": "I'll research D4 cross-platform native architecture options (Mac→Windows follow) and write findings to the handoff deliverable. Gathering sources and local D1/D2 context first.Synthesizing findings and writing the T-026 deliverable.# T-026 完成\n\nD4 跨平台原生架构调研已落盘：`.hopper/handoffs/T-026-output.md`（约 437 行，中文）。\n\n## Summary\n\n对 Mac 原生优先、Windows 跟随、非 Electron 的共享核心方案做了只读调研（Rust+FFI、C/C++、TS sidecar、KMP、.NET 等），并覆盖共享边界、Mac→Win 工作流、D1/D2 含义与成本敏感排序。**推荐默认：双端原生 UI（SwiftUI + WinUI）+ 共享 TS `kernel-client`（实现 D2/D1 facade）+ 契约金标测试**；Rust/UniFFI 仅作后续重逻辑升级，不作为 Day-1。\n\n## Files touched\n\n- `.hopper/handoffs/T-026-output.md` — 指定交付物\n\n## Verdict\n\n**PASS**\n\n## 对 D4 的核心建议（摘录）\n\n| 项 | 建议 |\n|----|------|\n| 共享核心 | TS `packages/kernel-client`（D2 编解码 + D1 外观）；可升 sidecar |\n| 不共享 | UI、通知、Keychain、安装器等系统集成 |\n| 跟随工作流 | monorepo；契约 → client → Mac UI → Win UI；parity 矩阵允许 UI-only 滞后 |\n| 明确排除 | Electron/Tauri 主 UI、Avalonia/Uno Skia、MAUI 当 Mac 主壳、Day-1 C++/Rust 核心 |\n\n## Next recommendation\n\n用本报告写 **D4 ADR**，并先落 monorepo 骨架：`contracts/d2` → `packages/kernel-client` → `apps/mac` 最小接通 → Windows parity checklist。",
  "stopReason": "EndTurn",
  "sessionId": "019f87a8-a58f-70f0-960c-b88b6e099818",
  "requestId": "f51cf807-a25b-494f-b305-d50623edcf3b",
  "thought": "The user wants me to execute a research task (T-026) about cross-platform native architecture for Mac→Windows follow development. This is a prd-research task that should:\nLet me continue research with more specific sources and browse key documentation pages.I need more specific info on:There's already a T-026-output.md - let me check if it's empty or incomplete, and also look at acceptance criteria from the tasklist and a sample previous research output for format.Important context: D1 is KernelPort (in-process semantic interface, TS expressed), D2 is JSON-RPC style wire between UI and kernel (openclaw/hermes as separate local process). So the app architecture ...Let me also look at a prd-research output for better format matching, and get a couple more specific details.I have enough material to write a comprehensive research report. Let me also quickly check T-003 or T-021 for prd-research format structure.I have enough material to write a comprehensive T-026 research report. Key synthesis for D4 given project constraints:\n**Summary**  \nI researched mainstream native cross-platform architectures that align with the D4 Mac→Windows follow development model, non-Electron constraint, and existing D1/D2 contracts. The analysis shows that a contract-first shared TypeScript kernel client package paired with native UI layers is the most practical fit, balancing maturity, 0-1 lag, and team skill alignment. This approach keeps the kernel as an independent process while enabling rapid Mac delivery with minimal Windows drift.\n\n**Files touched**  \n.I've written the deliverable. Let me update todos and verify the file is complete.The deliverable is complete. As a hopper execution agent I should return the finished deliverable summary. The task asked me to produce the research and land it at T-026-output.md - done.\n",
  "usage": {
    "input_tokens": 92485,
    "cache_read_input_tokens": 404864,
    "output_tokens": 12014,
    "reasoning_tokens": 2724,
    "total_tokens": 509363
  },
  "num_turns": 9,
  "total_cost_usd": 0.4585132,
  "total_cost_usd_ticks": 4585132000,
  "modelUsage": {
    "grok-4.5-build": {
      "inputTokens": 92485,
      "outputTokens": 12014,
      "cacheReadInputTokens": 404864,
      "modelCalls": 9,
      "costUSD": 0.4585132
    }
  }
}
