hopper-runner: idle watchdog disabled (bufferedOutput vendor) — ceiling-only timeout applies (1800000ms)
{
  "text": "I'll perform the adversarial review of the SG-5 stop() force-deny patch myself: read D1 §6.2, inspect Swift/C# stop paths and tests, then write `T-049-output.md`.Reading the stop/force-deny implementations, tests, and openclaw approval wire in detail.Tests are 28/28 on both ends. Writing the adversarial review deliverable with the five focus areas and residual concurrency notes.## T-049 完成\n\n对抗审已落盘：`.hopper/handoffs/T-049-output.md`\n\n### Verdict: **PASS_WITH_NOTE**\n\n| 焦点 | 结论 |\n|------|------|\n| 1. D1 §6.2 M3 定序 | **PASS** — force-deny 真先于 `sessions.abort`；`await approval.resolve` + `status==\"denied\"` 才确认，否则 throw |\n| 2. 并发 / NOTE-1 | **PASS_WITH_NOTE** — 无永久挂起回归；catch 正确释锁。残留 **NOTE-A**：await 窗口内新到的 approval 可逃过本轮快照后仍 pending 就被 abort |\n| 3. forceResolvedApprovals | **PASS** — aborted + 正常完成 race 两处均填；空 → nil |\n| 4. C# parity | **PASS** — lock 外 await，与 Swift 同构（共享 NOTE-A） |\n| 5. 测试 + TODO 桩 | **PASS** — 真驱动 client；`interrupt`/`respondApproval`/`capabilities` 仍是 TODO |\n\n### 实测\n- Swift frame-replay：**28/28 PASS**\n- C# frame-replay：**28/28 PASS**\n\n### 建议\n主路径可合入。后续非阻断：force-deny drain 循环或 `stopInProgress` 冻结新 approval 登记，并补失败/半完成/transport-during-force-deny 负面测。",
  "stopReason": "EndTurn",
  "sessionId": "019f94d8-052a-7022-aa4a-1ddaf8aacdba",
  "requestId": "01259910-9cca-4e1b-b09e-eff4049dac42",
  "thought": "The user wants me to perform an adversarial code review of a specific change related to stop() force-deny functionality. I'm the execution agent - I need to review the code myself, not delegate, and p...Good progress. Let me read the key implementation sections in detail for both Swift and C#, the tests, openclaw approval.resolve, and EventMapping forceResolvedApprovals.Let me continue reading the EventMapping changes, tests for force-deny, request() transport handling during force-deny, and the openclaw approval.resolve handler. Also need to check half-completed mul...Let me dig deeper into potential concurrency issues:\n**Summary**  \nI performed an adversarial code review of the stop() path changes in both Swift and C# kernel clients, focusing on D1 §6.2 force-deny ordering, concurrency safety, and parity. The implementation correctly places forceDenyPendingApprovalsBeforeStop before sessions.I'm building a thorough adversarial review. Let me identify real defects:\n**Summary**  \nI performed an adversarial code review of the stop() path changes in both Swift and C# kernel clients, focusing on D1 §6.2 force-deny ordering, concurrent regression risks, approval cache handling, and test fidelity. The review confirmed correct sequencing, proper error propagation, and no new dead locks, though minor parity gaps in C# locking and test boundary coverage were noted.\n\n**Files touched**  \napp/kernel-client/swift/OpenclawGatewayKernelClient.swift: forceDenyPendingApprovalsBeforeStop and stop() integration  \napp/kernel-client/csharp/OpenclawGatewayKernelClient.cs: equivalent force-deny logic and EventMapping.cs:409/459  \napp/kernel-client/swift/FrameReplayTests.swift and csharp/FrameReplayTests.cs: new stop-with-pending-approval tests\n\n**Acceptance verification (5/5)**  \n1. D1 §6.2 M3 ordering: force-deny precedes sessions.abort; await approval.resolve returns only after kernel applies decision; non-denied status or RPC failure throws (verified via grep in approval.ts handler and client call sites).  \n2. Concurrent regression: force-deny await under stopInProgress is covered by existing NOTE-1 transport-close logic; no hang or deadlock introduced (tested via manual 6cf2dcc5 comparison). Half-completed multi-pending handled by cache cleanup on throw.  \n3. forceResolvedApprovals: both aborted-run and race branches correctly populate reqIds; nil semantics preserved when no pending (grep confirmed).  \n4. C# parity: lock snapshot + per-iteration lock release matches Swift actor isolation; however, await gap allows new pending registration (see Decisions).  \n5. Test reality: new tests drive client join → stop → RPC order and assert forceResolvedApprovals (verified by running FrameReplayTests).C# JsonObj can return null, then `.Get(\"status\")` is called on null - extension method handles null:\ndotnet test returned quickly with exit 0 - might not have run tests properly. Let me check.Both 28/28 PASS. Now I need to finalize the adversarial review.\n**Summary**  \nI performed an adversarial code review of the stop() force-deny patch across Swift and C# kernel clients, focusing on D1 §6.2 ordering, concurrency safety, and test coverage. The implementation correctly places forceDeny before sessions.abort and uses real RPC status checks, but a subtle re entrancy window in Swift actors allows new approvals to arrive mid-force-deny, potentially leaving them un-denied before abort. C# parity holds with explicit locking, and tests drive the expected RPC sequence. Verdict is PASS_WITH_NOTE due to this medium-severity gap.\n\n**Files touched**  \n- app/kernel-client/swift OpenclawGatewayKernelClient.swift: forceDenyPendingApprovalsBeforeStop and PendingApprovalAwaitingDecision cache  \n- app/kernel-client/csharp  OpenclawGatewayKernelClient.cs and EventMapping.cs: equivalent force-deny logic and cache handling  \n- app/kernel-client/swift  FrameReplayTests.swift: added 28 28 test cases exercising stop with approvals  \n- app/kernel-client/csharp  FrameReplayTests.There's already a T-049-output.md - I should overwrite it with my review as the execution agent.I need to write the full output.md content. Looking at other T-*-output.md files for format - the hopper metadata frontmatter might get updated by hopper itself. I should write the review content. Loo...I'll write the full T-049 output.md with the review content. Hopper may update frontmatter later; I'll write a complete deliverable body similar to T-047.I've completed the adversarial review and written the output. Let me mark todos complete.The task is complete. I've written the full adversarial review to the required path. Summarize for the user/dispatcher.",
  "usage": {
    "input_tokens": 93752,
    "cache_read_input_tokens": 834944,
    "output_tokens": 10438,
    "reasoning_tokens": 9163,
    "total_tokens": 939134
  },
  "num_turns": 13,
  "total_cost_usd": 0.5006152,
  "total_cost_usd_ticks": 5006152000,
  "modelUsage": {
    "grok-4.5-build": {
      "inputTokens": 93752,
      "outputTokens": 10438,
      "cacheReadInputTokens": 834944,
      "modelCalls": 13,
      "costUSD": 0.5006152
    }
  }
}
