hopper-runner: idle watchdog disabled (bufferedOutput vendor) — ceiling-only timeout applies (1800000ms)
{
  "text": "对抗评审开始：先读取任务锚点与评审范围内的 session-proxy / session-token 相关源码与测试。继续核对配置、异常处理与可能的凭证泄漏路径。已确认生产路径拼接缺陷与路径穿越面，正在落盘对抗评审交付物。## T-042 完成\n\n对抗评审已落盘：`.hopper/handoffs/T-042-output.md`\n\n### Verdict: **REWORK**\n\n| 核验点 | 结果 |\n|--------|------|\n| 1. 凭证安全 | 主路径通过（`timingSafeEqual`、未配置 fail-closed、不透传静态 key、日志不落 newapi key） |\n| 2. 代理 hygiene | **不通过** — `x-session-affinity` 等内部头未剥离；无 path allowlist / 可 `..` 逃逸 |\n| 3. fail-closed | 通过 — 未命中映射不会无凭证放行 |\n| 4. 流式 | 主路径真流式；`req.on('close')` abort 有泄漏/竞态缺口 |\n| 5. 逻辑/测试 | **不通过** — 生产路径改写阻断级错误 |\n\n### 最关键缺陷（P0）\n\n`stripMountPrefix` 只认 `/session-proxy`，但生产有全局前缀 `api/d3/v1`：\n\n- 生产 `originalUrl`：`/api/d3/v1/session-proxy/chat/completions`\n- 实际上游：`{newapi}/v1/api/d3/v1/session-proxy/chat/completions`（错误）\n- 集成测试**未** `setGlobalPrefix`，请求 `/session-proxy/...` 假绿（9/9 passed）\n\n### 次要必须修\n\n1. 内部亲和头透传 newapi  \n2. 路径穿越可打到 `{newapi}/api/...`  \n3. 补与生产同形的集成测  \n\n只写了 handoff 输出，未改 `app/`。",
  "stopReason": "EndTurn",
  "sessionId": "019f8d2d-5b2b-7f22-88e9-eb4a96d2e61c",
  "requestId": "acc1d876-ac17-4f4a-9c22-48f5bdfab317",
  "thought": "The user wants me to perform an adversarial code review of a specific set of files related to a session-proxy billing routing feature. I need to:\nLet me read all the source files thoroughly for the adversarial review.Let me dig deeper into configuration, env validation, app.module, and also look for potential security issues more carefully. I need to check:\nLet me dig deeper into specific security and correctness issues. I need to check:\nI found a critical bug! Let me analyze carefully:\n**Summary**  \nI reviewed the session-proxy module (T-042) against the five adversarial criteria. The mount-prefix stripping logic contains a production bug: it only strips `/session-proxy` when the request path begins exactly there, but NestJS global prefix (`api/d3/v1`) prepends `/api/d3 1` so `req.originalUrl` remains `/api/d3/v1/session-proxy/...` and the target URL becomes malformed (`/v1/api/d3/v1/...`). Integration tests pass because they lack the global prefix, masking the defect. All other hygiene, fail-closed, streaming, and boundary checks appear solid 。\n\n**Files touched**  \n- `app/server/src/modules/session-proxy/session-proxy.service.ts` — core routing logic and `stripMountPrefix`  \n- `app/server/src/modules/session-proxy/session-proxy.integration.spec.ts` — test that fails to reproduce production prefix  \n\n**Acceptance verification (N/N)**  \n1. Credential security — PASS (no logs, no error bodies, `timingSafeEqual`, fail-closed)  \n2. Proxy hygiene — PASS (headers stripped correctly, `x-session-affinity` forwarded as intended)  \n3. Fail-closed integrity — PASS (no path allows wrong key)  \n4. Streaming correctness — PASS (Readable ＋ pipeline, close handler present)  \n5. Logic/boundary — FAIL (mount-prefix bug described above)  \n\n**Decisions / deviations**  \nnone  \n\n**Open questions**  \nnone  \n\n**Verdict**  \nREWORK  \n\n**Next recommendation**  \nFix the `stripMountPrefix` logic to respect NestJS global prefix (use `req.url` after routing or configure path stripping) and update integration tests to include global prefix. Re-run adversarial review after patch.  \n\n落盘 `.hopper/handoffs/T-042-output.md` 已完成。  \n(中文输出已按要求完成)  \n```md\n# T- 042-output.md\n## Summary\nReviewed session-proxy module for T-042. Found critical production bug in mount-prefix stripping that breaks target URL construction under NestJS global prefix. All other criteria passed.\n\n## Files touched\n- app/server/src/modules/session-proxy/session-proxy.service.ts — routing logic\n- app/server/src/modules session-proxy/session-proxy.integration.spec.ts — test masking bug\n\n## Acceptance verification\n1. Credential security — PASS\n2. Proxy hygiene — PASS\n3. Fail-closed — PASS\n4. Streaming — PASS\n5. Logic/boundary — FAIL (mount-prefix)\n\n## Decisions\nnone\n\n## Open questions\nnone 。\n\n## Verdict\nREWORK\n\n## Next recommendation\nFix stripMountPrefix to handle global prefix and update tests.\n``` \n\n(已按 shape 写完并落盘)  \nDone. Ready for next task.The test command failed due to jest version. Let me run with correct option.I've confirmed the critical production path bug. Let me also verify a few more things:\n**Summary**  \nI performed an adversarial code review of the session-proxy module (commit 5fcf9de) focusing on credential leakage, header hygiene, fail-closed integrity, streaming correctness, and boundary logic. I confirmed several potential bypass vectors including path traversal via `stripMountPrefix` and `new URL` normalization, 401/403 header exposure, and incomplete test coverage for global prefixes. Verdict is REWORK due to critical production path construction failure.\n\n**Files touched**  \n- app/server/src/modules/session-proxy/session-proxy.service.ts: core path construction and header stripping logic  \n- app/server/src/modules/session-proxy/session-proxy.controller.ts: route 401/403 handling and header forwarding  \n- app/server/src/modules/session-proxy/session-proxy.integration.spec.ts: test coverage gaps for global prefix and path traversal  \n- app/server/src/database/entities/session-newapi-token.entity.ts: DB storage assumptions  \n- app/server/src/config/configuration.I have enough for a thorough adversarial review. Let me write T-042-output.md. Note that T-041 used MUST-FIX as verdict but the task for T-042 specifies PASS | PASS_WITH_NOTE | REWORK | FAIL. I'll use...The deliverable is written. I should give a brief summary to the user (or just confirm completion since this was a hopper dispatch). The task said to produce the output file - I've done that. A short ...",
  "usage": {
    "input_tokens": 56422,
    "cache_read_input_tokens": 340480,
    "output_tokens": 13011,
    "reasoning_tokens": 7781,
    "total_tokens": 409913
  },
  "num_turns": 9,
  "total_cost_usd": 0.293054,
  "total_cost_usd_ticks": 2930540000,
  "modelUsage": {
    "grok-4.5-build": {
      "inputTokens": 56422,
      "outputTokens": 13011,
      "cacheReadInputTokens": 340480,
      "modelCalls": 9,
      "costUSD": 0.293054
    }
  }
}
