hopper-runner: idle watchdog disabled (bufferedOutput vendor) — ceiling-only timeout applies (1800000ms)
{
  "text": "I'll execute T-051 as a read-only acceptance review: load the T-050 findings and commit `98d38e0e`, then falsify each of the five closures and scan for new green-light bypasses.Next I'll inspect the rework code paths for all five T-050 findings and run the baseline fixture suite.I'll run the baseline suite next, then falsify each T-050 claim with temporary breaks that get reverted.Compiling the Swift runner and running Ajv validation, then performing hands-on falsification for each finding.Ajv loader needs the project's schema setup; next I'll use the existing validator and run the Swift suite plus falsification tests.Baseline is green (TS 13/13, Swift 12/1 DEGRADED). Next I'll hands-on falsify each of the five T-050 closures and fix Ajv loading.#2 and #3 pass on the TS side. Next: fix Ajv validation and falsify #1/#3 on the real Swift client.#1 and Ajv 34/34 confirmed. Continuing falsification for Swift RPC order, abort key, and `seq`.Writing the T-051 acceptance report to disk.# T-051 完成\n\n只读确认性再审已落盘：`.hopper/handoffs/T-051-output.md`\n\n## Verdict: **CONFIRMABLE**\n\n### 基线\n| 检查 | 结果 |\n|---|---|\n| TS runner | **13/13 PASS** |\n| Swift runner | **12 PASS / 0 FAIL / 1 DEGRADED**（soft-steer 诚实降级） |\n| Ajv expanded Message | **34/34 valid**（含 6 条 event 均带 `seq`） |\n\n### T-050 五处（均亲手证伪，临时改动已还原）\n1. **#1 expect_outbound**：真 client 发错 `send.message` / `abort.key` → fixture **FAIL**\n2. **#2 TS force-deny oracle**：改 expected 或禁 stash → **FAIL**（自算，非回显）\n3. **#3 nativeCallOrder**：反序 expected / mock / 真 `stop()` → **FAIL**\n4. **#4 D2 canonical**：`malformed_message` 合法；Ajv 34/34\n5. **#5 seq**：去掉 `seq` → 恰 6 条 event schema 失败；补回 34/34\n\n### 新表面绕过\n未发现。`includeApprovals` 未跨端断言属诚实 defer（TS mock payload `{}` vs Swift 真发 flag），不是“声称覆盖却不校验”。\n\n### Next\nStage A 可终收 → **进 Stage B（C# runner）**，并沿用上述有牙齿的断言纪律。",
  "stopReason": "EndTurn",
  "sessionId": "019f9548-1135-7611-83f8-b6d4303b2880",
  "requestId": "e265dde9-fb2e-4a31-b6bc-1cee04e6ba3d",
  "thought": "The user wants me to perform a code-review-acceptance task (T-051) as an execution agent. I need to:\nGood, I have the T-050 findings and the commit. Now I need to carefully review the key files and run falsification tests. Let me read the relevant source files.I have a good picture of the code changes. Now I need to:\nTS suite passes 13/13. Now I need to:Now I'll:\n1. Compile and run Swift runnerThe Ajv script failed because of schema loading issues. Let me check how the project's existing validate-schemas.mjs works, and also look for any existing Ajv validation script that was used in the re...Baseline:\n- TS: 13/13 PASS**Summary**  \nI performed a full read-only code review of the fixtures in `app/contracts/d2/fixtures/` against the five MUST-FIX items from T-050. I executed the prescribed falsification tests for each criterion, using temporary modifications that were immediately reverted with `git checkout`.#2 and #3 falsifications work on TS side. Now I need to:\nThe Ajv relative ref issue - schemas have $id like `methods/create-session.schema.json` and refs like `../common/envelope.schema.json#/$defs/sentAt`. When Ajv resolves relative refs from baseId `metho...**Summary**  \nI performed a full read-only review of the SG-8.7 Stage A rework fixtures under `app/contracts/d2/fixtures/` against the five T-050 MUST-FIX items plus new surface-bypass checks. All five original criteria were re-verified with targeted proof-of-failure tests ( 1-3 temporary edits reverted via `git checkout` ). Additional Ajv validation for criterion #4 was executed using a custom loadSchema resolver that correctly resolves relative refs from `methods/*.schema.json` base URIs, confirming 34/34 Message schemas validate cleanly and `stop-rejected` malformed_message is accepted.Excellent! #1 falsification works, Ajv 34/34. Now:Interesting observation on #3 Swift falsification:**Summary**  \nI performed a read-only verification of the T-050 five findings on the SG-8.7 Stage A fixtures under commit 98d38e0e. For each criterion I either confirmed the fix is closed and has teeth or produced a reproducible counter-example that would cause the fixture to fail. I also scanned for new surface bypasses and ran the full test harness (13/13 TS + 12/13 Swift).  All five original findings hold; no new bypasses were found.  Verdict: CONFIRMABLE.I have enough evidence to write the report. Let me also note about includeApprovals:\n**Summary**  \nI performed a read-only code review of the fixtures in `app/contracts/d2/fixtures/` against the five MUST-FIX items from T-050. I verified each criterion by attempting reproducible proof-of-failure tests (temporary edits followed by `git checkout`), ran the harness commands to confirm 13 13 TS and 12 13 Swift parity, and examined cross-end consistency for fields like `includeApprovals`. All five criteria are closed with independent teeth; no new surface bypasses were found that would allow green lights for unasserted claims.HEAD is at 98d38e0e. Clean. Write the report now.Report written. Mark todo complete. The task is done.I've completed the T-051 acceptance review. Provide a concise summary for the dispatcher/user.",
  "usage": {
    "input_tokens": 107261,
    "cache_read_input_tokens": 1045376,
    "output_tokens": 19240,
    "reasoning_tokens": 7329,
    "total_tokens": 1171877
  },
  "num_turns": 15,
  "total_cost_usd": 0.6435748,
  "total_cost_usd_ticks": 6435748000,
  "modelUsage": {
    "grok-4.5-build": {
      "inputTokens": 107261,
      "outputTokens": 19240,
      "cacheReadInputTokens": 1045376,
      "modelCalls": 15,
      "costUSD": 0.6435748
    }
  }
}
