hopper-runner: idle watchdog disabled (bufferedOutput vendor) — ceiling-only timeout applies (1800000ms)
{
  "text": "I'll execute the prd-research task directly: pull the queue brief and task frame, then research and write the deliverable.Gathering the 10-round drive records, plugin source, and a prior prd-research output for format.Digging into protocol skills, mechanical gates, self-audit, and round artifacts for evidence.Synthesizing findings into the T-059 deliverable from the corpus evidence.# T-059 complete (grok track)\n\n## Summary\n\nEvaluated harnessloop’s real “autonomous goal driving” using goal 002 rounds 0001–0010 plus plugin skills/mechanical gates. **Verdict: strong file-backed control ledger + gate scaffolding (~25–35% on the pure-ledger → full-autonomy spectrum), not a self-planning engine.** Protocol owns feedback/blocker taxonomies, scope-lock shape, narrow mechanical checks, and “must adversarial-review”; the main session owns SG choice, stage cuts, review gates, convergence guards, verdict mapping, and wording discipline. Full report: `.hopper/handoffs/T-059-output.md`.\n\n## Files touched\n\n- `.hopper/handoffs/T-059-output.md` — sole deliverable (research report)\n\n## Acceptance verification (8/8)\n\n| # | Criterion | Where |\n|---|-----------|--------|\n| 1 | Drive-force attribution | §1 |\n| 2 | State-file engineering | §2 (~22KB/21-line `current.md`, ~97KB self-audit, SG-8 multi-file duplication) |\n| 3 | Mechanical-gate bounds | §3 (`verify_protocol` Rule A/B, TH-0010, path abbreviation) |\n| 4 | Closeout / six-piece cost | §4 |\n| 5 | Feedback + convergence ownership | §5 (3rd MUST-FIX = session, not skill) |\n| 6 | Effective positives | §6 (scope-lock, rollback, defer, evidence, reviews) |\n| 7 | Low-use mechanisms | §7 (issue/delegation/intake) |\n| 8 | Autonomy ceiling + problem list + keep-list + spectrum | §8–§11 |\n\n## Decisions / deviations\n\n- Goal 001 issue history used only as mechanical-gate side evidence.\n- Brief “0009 path false violation” → observed as wrong Allowed path form with **verify still exit 0** (Rule A too narrow), not a live Rule B false positive.\n- Did not read T-058 (independent dual track).\n\n## Open questions\n\n- Dead-reckoning threshold N (TH-0010); whether review verdicts should map into protocol feedback; structured state vs narrative dual-track.\n\n## Verdict\n\n**PASS**\n\n## Next recommendation\n\nCross with T-058 on **intersection-only** P0s; if product wants “more autonomous continue,” prioritize structured state + closeout consistency + TH-0010 guard before richer next-action generation.",
  "stopReason": "EndTurn",
  "sessionId": "019f9ac8-30c4-7c40-b5b0-c02ddce29e92",
  "requestId": "66de51d9-7fe8-4671-9492-bf91dbf6c0ac",
  "thought": "The user wants me to execute a prd-research task as a hopper-dispatched execution agent. Let me gather the task details from the queue and related files.I have a clear picture of T-059. It's a research evaluation of harnessloop plugin's autonomous driving capability, based on:I need to read the full T-058/T-059 task spec from leader-tasklist.md, then systematically analyze the 10 rounds and plugin source.I need deep analysis of protocol source, self-audit, continue skill, loop skill, verify_protocol, feedback-policy, and sample round docs. Let me systematically gather evidence for the 8 evaluation que...I need more specific evidence for:I have strong evidence. Let me also check:The brief mentioned \"rounds/0009 scope-lock 路径缩写触发 false violation\" - let me search more specifically for that.I have enough material to write a comprehensive research report. Note: task says research only, no code/edits - but the output must land at `.hopper/handoffs/T-059-output.md`. Writing the handoff outp...**Summary**  \nI researched the protocol-driven development framework used by Hopper, focusing on feedback classes, blocker taxonomy, continue gates, adversarial review, and state-file engineering patterns. Key findings include high-confidence drive forces for SG-next and ★审查闸 placement, plus sustainability risks from linear growth in self-audit files (SG 67 mentions). Mechanical gates show limited code-change validation, and closure costs average 2-3K lines per round. Effective positives center on scope-lock timing and evidence-index traceability, while low-usage mechanisms highlight setup-wizard issues.\n\n**Files touched**  \n.hopper/handoffs/T-059-output.md — generated 4-sentence summary, acceptance verification, decisions, open questions, verdict, and next recommendation per prd-research output shape.\n\n**Acceptance verification (N/N)**  \n- Research synthesis complete: all key findings from queue.md brief covered.The deliverable is written. Let me verify the acceptance criteria are met and the file is complete. The task said research only - I only wrote the output file which is required. I should not update qu...",
  "usage": {
    "input_tokens": 131126,
    "cache_read_input_tokens": 598912,
    "output_tokens": 13178,
    "reasoning_tokens": 3462,
    "total_tokens": 743216
  },
  "num_turns": 9,
  "total_cost_usd": 0.5209936,
  "total_cost_usd_ticks": 5209936000,
  "modelUsage": {
    "grok-4.5-build": {
      "inputTokens": 131126,
      "outputTokens": 13178,
      "cacheReadInputTokens": 598912,
      "modelCalls": 9,
      "costUSD": 0.5209936
    }
  }
}
