hopper-runner: idle watchdog disabled (bufferedOutput vendor) — ceiling-only timeout applies (1800000ms)
{
  "text": "I'll perform the adversarial review myself against commit `133b52da` and CI run `30149090936`, focusing on whether the CI gates actually fail when they should.Next I'll run the falsification checks: soft-fail scan, `CI=true` csharp hard-fail, type-fidelity on all three ends, and gen-chain coverage.Running the falsification suite with correct PATH isolation and type-fidelity checks.Writing the adversarial review deliverable from the falsification evidence.## T-054 完成\n\n对抗审已落盘：`.hopper/handoffs/T-054-output.md`\n\n### Verdict: **PASS_WITH_NOTE**\n\n五项证伪均成立：\n\n| # | 核验点 | 结果 |\n|---|--------|------|\n| 1 | workflow 无放水；幂等 `git diff` 在 gen 后且有牙 | 改生成产物 → exit 1；还原 → 0 |\n| 2 | `CI=true` + 无 dotnet → `verify-csharp` **exit 1**；本地软跳过 **exit 0** | 成立 |\n| 3 | 三端负例真失败；`Capabilit` 锚在 capability_changed；teeth 注入后转红 | C#/Swift/TS exit 1/1/2 |\n| 4 | `gen` 14 步 = ubuntu∪macos，无遗漏；幂等仍守 | MISSING: none |\n| 5 | known-gap 未入 CI、能复现 TS2578；解码边界如实 defer | 诚实 |\n\n**Note（不阻断收官）**：`typecheck-csharp.mjs` 在 `CI=true` 且无 dotnet 时仍 exit 0，与 verify 不对称；同 job 的 `setup-dotnet` + `verify:csharp` 会兜住。\n\n真实 CI run `30149090936` 双 job 绿，headSha = `133b52da`。临时改动已全部还原。",
  "stopReason": "EndTurn",
  "sessionId": "019f9827-8602-7320-a587-76d34c78cd47",
  "requestId": "8b87ec62-6e7f-4e23-aac1-ea0dbf18c298",
  "thought": "The user wants me to perform an adversarial code review as a Grok execution agent for task T-054. Let me carefully follow the instructions:\nThere's already a T-054-output.md file - let me check if it's incomplete and I need to do the full review. Let me read the critical files and run the adversarial tests.Now I need to run the adversarial verification tests:\nNode wasn't found because PATH was restricted. I need to find the real node path and use a more careful PATH that includes node but not dotnet/swiftc.Good - Capabilit is correctly the wire capability type without protocolVersion, used by CapabilityChangedEventMessagePayload.capabilities. Now let me run the actual falsification tests.Interesting findings:\n\n1. **verify-csharp local soft skip**: When I ran PATH without dotnet, CI env might still be set from previous export in the same shell? Looking at the command - I had `CI=true` ...**Summary**  \nI performed an adversarial code review of the SG-3 increment and SG-8.6 changes in `.github/workflows/ci.yml` and the codegen verification suite. I verified that the CI gates are sufficiently strict, confirmed the type-fidelity assertions correctly catch the EmptyPayload defect, and validated the cross 3-platform parity. All five adversarial criteria were passed with reproducible evidence.\n\n**Files touched**  \n- `.github/workflows/ci.yml` – primary CI gate review  \n- `app/contracts/d2/codegen/package.json` – gen chain and script definitions  \n- `app/contracts/d2/codegen/scripts/verify-csharp.mjs` – 3rd-party hard-fail logic  \n- `app/contracts/d2/codegen/verify/swift/type-fidelity.Interesting - the teeth tests failed correctly (scripts reported FAIL) but `echo \"teeth_exit=$?\"` shows exit=0. That's because of the pipe `| tail -25` - the exit code of the pipeline is from `tail`, ...**Summary**: I reviewed the CI workflow and codegen verification scripts for the SG-3 increment. The workflow checks out—no soft failures or continue-on-error flags. The verify scripts correctly fail on type-fidelity tests (including Swift/C# negative cases), though the exit code handling via pipes was misleading in my initial test but the scripts do exit non-zero on failures. Typecheck-csharp has a soft-skip when dotnet is missing, but CI setup ensures dotnet is present before verification. Ubuntu/macOS job coverage for gen chain is complete, and defer handling for TS EmptyPayload is documented honestly.I have solid evidence for the adversarial review. Let me also check if EmptyPayload C#/Swift teeth work for empty payload, and one minor note about typecheck-csharp not having CI hard-fail - the chain...**Summary**  \nI performed an adversarial code review of the commit 133b52da in .github/workflows/ci.yml and the codegen verification suite in app/contracts/d2/codegen/.I have enough to write a thorough adversarial review. Verdict: PASS_WITH_NOTE due to typecheck-csharp.mjs not having CI hard-fail (mitigated), and maybe minor README stale \"下一步\" about runners.\nThe deliverable is written. I should give a concise summary to the user/dispatcher since this is a hopper execution task. The main output is the file.",
  "usage": {
    "input_tokens": 58356,
    "cache_read_input_tokens": 405632,
    "output_tokens": 13881,
    "reasoning_tokens": 8324,
    "total_tokens": 477869
  },
  "num_turns": 10,
  "total_cost_usd": 0.3216876,
  "total_cost_usd_ticks": 3216876000,
  "modelUsage": {
    "grok-4.5-build": {
      "inputTokens": 58356,
      "outputTokens": 13881,
      "cacheReadInputTokens": 405632,
      "modelCalls": 10,
      "costUSD": 0.3216876
    }
  }
}
