hopper-runner: idle watchdog disabled (bufferedOutput vendor) — ceiling-only timeout applies (1800000ms)
{
  "text": "I'll execute T-065 as a read-only acceptance review of harnessloop `77543d6` (v0.16.0): first load the chain background and the commit, then run the five checks and write `.hopper/handoffs/T-065-output.md`.Next I'll load the v0.16.0 implementation and re-run the escape/counterexample suite from T-064.I'll run a comprehensive end-to-end verification script covering all five criteria.Sections 1–2 passed. Finishing hint accuracy, zero-migration, and validate.py.Next I'll re-check the false-positive rate attribution claim and any remaining residual wording.I'll remeasure the handoffs corpus FP rate for v0.15.0 vs v0.16.0 to check the +96 / 87-hint attribution.Cleaning leftover temp fixtures from the interrupted first run, then writing the deliverable.Writing the final T-065 acceptance report.## T-065 完成\n\n交付物：`.hopper/handoffs/T-065-output.md`\n\n### Verdict: **CONFIRMABLE**\n\n对 `harnessloop@77543d6`（v0.16.0）五项终局确认均通过：\n\n| # | 结论 |\n|---|------|\n| 1 假阴性面 | 后缀回退**不再能 resolve**；ignored/untracked/幽灵/断链/尾斜杠/剪枝/多级 symlink/`link/..`/`.gitmodules ../` 等一律 dangling |\n| 2 MUST-FIX B/C | B：`lexists` 滤幽灵；C：无 join 前 normpath 预折叠残留；validate **175/175** |\n| 3 提示 | 唯一才 hint、路径正确、多义/零命中无 hint；`citations_suffix_hinted` 与条数一致；措辞为 \"if that is the intended file\" |\n| 4 零迁移/归因 | 本项目 14 轮 12 引用 `hinted=0`；handoffs 复测 28.8%→37.9%，**87 条 demotion 全带 hint**（声称 +96 vs 本机 +91，方向正确） |\n| 5 措辞 | docstring 写的是「假阴性面归零」而非「后缀已解决」；两条固有残留仍登记 |\n\n### 建议结案措辞\n\n**`fixed-by-demotion` / 降级收口** — 不可写 `fixed` /「后缀问题已解决」。",
  "stopReason": "EndTurn",
  "sessionId": "019f9fba-f99c-7f30-a061-b227d8b9a5c9",
  "requestId": "1186ee85-bb2d-4367-98ab-163402ab7490",
  "thought": "The user wants me to perform a code-review-acceptance task (T-065) for harnessloop v0.16.0. This is a read-only acceptance review. Let me understand what I need to do:\nGood, I found the relevant files. Let me read the chain outputs (especially T-064 which is most relevant), the evolution issue, and the actual code changes.I have a good understanding of the chain. Now I need to thoroughly verify the five acceptance criteria against the actual code in v0.16.0. Let me:\nLet me read more critical code sections and write a comprehensive verification script that tests all the scenarios.Now I need to run a comprehensive verification script covering all 5 acceptance criteria. Let me write and execute a thorough test script.The command timed out - likely because verify_project on the real project is slow due to submodules. Let me check the output.Good progress - sections 1 and 2 all passed. Failed on section 3 because I forgot to mkdir agents. Let me continue with remaining tests, and also run validate.py and real project verification more car...Let me wait for this to complete - validate.py and real project verify can take a while.Excellent! All tests passed. Now I need to verify the FP rate attribution claim (28.7% → 37.8%, +96, 87 with hints). Let me search for how they computed this and re-verify if possible.I need to independently remeasure the FP rate claim 28.7% → 37.8% (+96, 87 with hints). This was measured on `.hopper/handoffs` corpus. Let me try to re-run that simulation using v0.15.0 vs v0.16.0.Interesting - my measurement shows:**Summary**: I reviewed the harnessloop v0.16.0 commit 77543d6 against the five acceptance criteria for TH-0008 demotion. The changes appear to have successfully closed the false-negative surface by ensuring all pseudo-unique/escape scenarios now dangle, and the MUST-FIX B/C cases (link/../escape.md and .gitmodules path=smod/../mod) are resolved via the new containment pre-fold normpath logic. Prompt wording is accurate and non-misleading, zero migration verified, and residual wording in the docstring accurately reflects the demotion.There are leftover /tmp/t065 directories from the first run that crashed before cleanup. I should clean those up since the task says temporary mutations must be restored.175 checks match the commit message. Now write T-065-output.md comprehensively in Chinese.I should also update the hopper task metadata if needed - looking at T-065-output.md structure from T-064, they have a frontmatter with status. The hopper system may update this automatically. The tas...Task complete. Provide a brief summary for the completion.",
  "usage": {
    "input_tokens": 116187,
    "cache_read_input_tokens": 1144960,
    "output_tokens": 20477,
    "reasoning_tokens": 2848,
    "total_tokens": 1281624
  },
  "num_turns": 15,
  "total_cost_usd": 0.698724,
  "total_cost_usd_ticks": 6987240000,
  "modelUsage": {
    "grok-4.5-build": {
      "inputTokens": 116187,
      "outputTokens": 20477,
      "cacheReadInputTokens": 1144960,
      "modelCalls": 15,
      "costUSD": 0.698724
    }
  }
}
