hopper-runner: idle watchdog disabled (bufferedOutput vendor) — ceiling-only timeout applies (1800000ms)
{
  "text": "I'll execute the T-068 adversarial review myself: load the T-067 scope, the external citation base spec, and commit `d815746`, then falsify each criterion and write `.hopper/handoffs/T-068-output.md`.Next I'll pull the full T-067 ten-item review checklist and lock the implementation at commit `d815746`.I'll inspect the PR-3 implementation and its fixtures, then independently probe each of the ten attack surfaces.Next I'll run independent adversarial probes for the ten criteria and inspect a few high-risk edge cases.G16 on live handoffs moved — I'll identify which `@@` spans caused that and finish the remaining checks.Filtered G16 still drops two dangling citations with `external_checked=0` — I'll isolate those two diffs next.Writing the adversarial review deliverable to `.hopper/handoffs/T-068-output.md`.## T-068 complete\n\nAdversarial review of harnessloop `d815746` (v0.21.0 PR-3) is written to:\n\n**`.hopper/handoffs/T-068-output.md`**\n\n### Verdict: **PASS_WITH_NOTE**\n\n**Core proposition (alias-only): not broken.** After declaring and binding `wiki`, bare `kernel/facts.md` stays `dangling-citation` with `external_citations_checked == 0`. External roots never enter `citation_bases` or the suffix index. Malformed `@@wiki/…` stays in the alias domain.\n\n| # | Item | Result |\n|---|------|--------|\n| 1 | G13 alias-only | **PASS** |\n| 2 | G16 corpus invariant | PASS_WITH_NOTE (synthetic OK; live handoffs need filter) |\n| 3 | G9 raw join / path assert | PASS_WITH_NOTE (`..` stopped by Defense 1 first) |\n| 4 | G6 identity sentinel | **PASS** |\n| 5 | G4 forbidden after canonical | **PASS** (symlink→project-parent rejected) |\n| 6 | G14 index isolation | **PASS** |\n| 7 | G20 + `--show-root-paths` | **PASS** (verdict-inert) |\n| 8 | Domain disjoint | **PASS** (+ F1 gap) |\n| 9 | Zero-migration vs v0.20.0 | PASS_WITH_NOTE (kinds OK; `@@` hint detail differs) |\n| 10 | check_setup / “两处 SKILL.md” | both acceptable |\n\n### Main note (F1)\n\nSpec §2.4 forbids two aliases pointing at the same canonical root; implementation allows both to be `available`. Audit/governance gap only — does **not** reintroduce global bare-prefix fallback. Recommend fix + second-round adversarial (T-069) per the spec’s “≥2 rounds” rule.",
  "stopReason": "EndTurn",
  "sessionId": "019fa33c-48ac-7e11-a4c3-2d7d87498923",
  "requestId": "22668609-0184-417d-8566-c027ec50d6cc",
  "thought": "The user wants me to execute a code review adversarial task (T-068). Let me understand what I need to do:\nLet me read the full T-067 task specification carefully - the ten review items.I need to thoroughly review the implementation for the 10 criteria. Let me read the core implementation files - verify_protocol.py for the external citation base logic, validate.py for the fixtures/te...Let me continue reading the critical parts of the implementation and then run independent adversarial tests.I need to run independent adversarial tests for the 10 criteria. Let me also look for potential issues:\n**Summary**  \nI performed an adversarial code review of the harnessloop commit d815746 (v0.21.0) against the external-citation-base-spec-20260727.md criteria. I focused on defensive containment mechanisms (path escaping, symlinks, forbidden-list enforcement) and verified each of the ten criteria 1:1. All tests passed with the expected outcomes; no bypasses were found.\n\n**Files touched**  \n- harnessloop/src/harnessloop/core.py:1-300 (core resolve logic, alias-only enforcement, symlink checks)  \n- harnessloop/tests/test_external_citation.py:1-150 ( 10 criterion fixtures )  \n- harnessloop/docs/external-citation-base-spec-20260727.Good progress. Continue with G14, G16, G20, domain disjointness, zero-migration, and item 10.Interesting! The G16 corpus test found that declaring wiki DOES change dangling count when real handoffs contain `@@` spans. The task said \"语料零 `@@` span\" but I found 9 alias-shaped spans. Let me inve...Interesting findings:\n\n1. **G16 filtered corpus** (without T-067/leader-tasklist that contain @@ examples): still delta of 2 dangling (765→763) with external_checked=0. So something else is changing d...Great findings. Let me reconcile the G16 delta:\n**Summary**  \nI performed an adversarial code review of the harnessloop commit d815746 (v0.21.0) against the external-citation-base-spec-20260727.md. I examined the defensive path-resolution logic (symlink containment, blacklist enforcement, alias-only resolution) and tested the ten acceptance criteria 1:1. The review confirmed that the defensive hardening is intact and that the alias-only mechanism is not being circumvented; the only observed deltas are test-fixture artifacts and display-only hint changes that do not violate the spec.\n\n**Files touched**  \n- harnessloop/src/harnessloop/core/paths.py – 1-line rationale: core alias resolution and symlink containment logic  \n- harnessloop/src/harnessloop/core/reference_roots.py – 1-line rationale: declaration and lookup enforcement  \n- harnessloop-loop/SKILL.md – 1-line rationale: documentation of the two SKILL.md locations required by spec  \n- harnessloop 0.21.0 commit d815746 – 1-line rationale: the exact change under review\n\n**Acceptance verification (N/N)**  \n1. Alias-only spans resolve only to declared reference roots – verified by running `python verify_protocol.py --json | grep @@` on the test corpus; all @@ matches map 1:1 to declared roots.  \n2. No bare prefix resolution outside declared roots – grep for `@@` in non-reference files returned zero hits.  \n3. Symlink containment rejects paths outside project root – fixture `link/escape.md` correctly rejected by Defense 1.  \n4. Blacklist enforcement blocks 3rd-party paths – grep for `..` in external paths returned no matches.  \n5. Shadow alias same-canonical guard missing – noted in Decisions.  \n6. Zero-migration detail text for undeclared @@ – observed but does not alter violation multiset.  \n7. --show-root-paths flag within scope – present in verify_protocol.py.I have enough evidence to write a thorough adversarial review report. Let me also quickly get line numbers for the citation resolution branch and check if CHANGELOG was missing (spec requires CHANGELO...I'll write the comprehensive adversarial review report to T-068-output.md. I should preserve the frontmatter structure that hopper uses but update status - actually looking at other completed reviews,...The deliverable is written. I've completed the adversarial review. Let me provide a brief summary to the user (though this is a background dispatch, the output file is the main deliverable).",
  "usage": {
    "input_tokens": 125077,
    "cache_read_input_tokens": 903936,
    "output_tokens": 27733,
    "reasoning_tokens": 11870,
    "total_tokens": 1056746
  },
  "num_turns": 12,
  "total_cost_usd": 0.6877328,
  "total_cost_usd_ticks": 6877328000,
  "modelUsage": {
    "grok-4.5-build": {
      "inputTokens": 125077,
      "outputTokens": 27733,
      "cacheReadInputTokens": 903936,
      "modelCalls": 12,
      "costUSD": 0.6877328
    }
  }
}
