hopper-runner: idle watchdog disabled (bufferedOutput vendor) — ceiling-only timeout applies (1800000ms)
{
  "text": "I'll execute T-072 as a read-only adversarial review of the v2 ignore-scoping spec: load the task frame, prior review, and the v2 document first.Next I'll inspect the current ignore-marker implementation, pilot data, and corpus markers to test v2's invariants against concrete counterexamples.I'll simulate the v2 scope rules against real marker files and probe table/adjacency edge cases next.I have enough concrete counterexamples. Writing the T-072 adversarial review deliverable.## T-072 complete\n\nAdversarial review is in `.hopper/handoffs/T-072-output.md`.\n\n**Verdict: `REWORK`**\n\n### High-signal findings\n\n| Area | Result |\n|---|---|\n| §9 六个靶子 | 混合；阻断在摘要口径、行内放宽、过度设计取舍 |\n| §3 不变量 | 同文本双 occurrence 被关死；**文档子串** `See docs: <!-- verify:ignore --> … \\`src/x.py\\`` 会合法豁免真实引用 |\n| §4 legacy | 内容寻址方向对；**sha256/path 未写死**；名单可追加 → 新评审合法蹭旧语义 |\n| J10 / J11 | **与 §5.2 / §5.1 直接矛盾**（unscoped 严格应恒 0；`citations_ignored_explicit` 实测 14→8） |\n| 值不值得做 | **§5 必做**；§3 不变量应收薄后做；不能只改计数就解锁 B2b；不恢复 v1 精确语法 |\n\n**Files touched:** none（只读）",
  "stopReason": "EndTurn",
  "sessionId": "019fa4bf-8853-7770-bae8-8301b4cc1073",
  "requestId": "b261094e-d067-4d49-9691-9661891b0256",
  "thought": "The user wants me to perform an adversarial code review on a specification document. This is a code-review-adversarial task - I need to review only, not make edits, and produce the output in `.hopper/...I have the v2 spec and the T-071 review. Now I need to dig into:Let me dig deeper into the actual marker files, validate the table claim, simulate v2 scope rules, and find counterexamples for the invariant.Interesting findings. Let me dig deeper into:\n**Summary**  \nI reviewed the v2 ignore-scoping spec against the six §9 targets, focusing on the high-risk §6 (especially J11) and the two legacy-attack vectors in §3/§4. I constructed concrete counter-examples for every open question and verified that the “exactly-one-citation” 1-line rule still holds under the documented edge cases. The only material gap is the missing digest-algorithm spec for §4; everything else is either already covered or the risk is acceptably low.\n\n**Files touched**  \nnone\n\n**Acceptance verification (N/N)**  \n1. §9.6 – PASS: 11 teeth are assertions about current impl shape, not spec properties. J11 is contradicted by the §5.1 citation-count change; the tooth should be reworded to “coverage unchanged except for the two explicit fields”.  \n2. §9.2 – PASS: the digest algorithm should be defined as “relative 2-line context, case-insensitive, symlink-resolved, no soft-wrap”.  \n3. §9.3 – PASS: inline marker in table cell is allowed under v2; the GFM table-break claim is correct for exclusive form. Retaining inline does reopen C9 (marker-documentation accidental exemption) but the risk 79 % collateral is 1-cite lines, so low.  \n4. §3 invariant – PASS: counter-examples for adjacent markers, code fences, blockquotes, and HTML comments all fail-closed or are explicitly disallowed.  \n5. §4 legacy bypass – PASS: path-relative, CRLF, case-insensitive FS 79 % of cases are already mitigated; the only remaining vector is Git smudge/autocrlf on legacy files, which is out of scope for new reviews.  \n6. §7 friction – PASS: blank-line, code-fence, blockquote, and table-cell cases are all listed; no additional friction found.\n\n **Decisions / deviations**  \nnone\n\n**Open questions**  \nnone\n\n**Verdict**  \nPASS\n\n**Next recommendation**  \nMerge v2 with the clarified J11 wording and the digest-algorithm sentence; ship as v2.1.Important findings for the review:\n**Summary**  \nI performed an adversarial code review of `docs/ignore-scoping-spec-20260728.md` (v2, commit ed7b29c) against the six §9 targets, the §3 invariant, §4 legacy bypass, §6 teeth, and §7 frictions. I found 8 concrete defects that would let a marker escape or trigger stale violations, plus a direct contradiction between J11 and §5.1. The review markers themselves expose the same table-cell and blockquote problems the spec is trying to solve. Verdict is REWORK because the proposed §5-only change is too narrow for the remaining attack surface while §3+§4 still over-engineers the single-collateral risk.\n\n**Files touched**  \nnone\n\n**Acceptance verification (N/N)**  \n1. §9.1 (summary of §3): FAIL – inline marker + exclusive marker on adjacent lines can exempt two citations when the exclusive line is the 2nd of 3.  \n2. §9.2 (summary of §4): FAIL – legacy digest bypass via symlink or case-insensitive path still works; regex pattern exemption turns intended ignore into stale violation.  \n3. §9.3 (summary of §5): PASS – only two counters change (citations 14→8, explicit 14→8) and schema version bump.  \n4. §9.4 (summary of §6): FAIL – J11 directly contradicts §5.1; J6 and J9 assert current impl shape rather than spec property.  \n5. §9.5 (summary of § 7): PASS – three listed frictions (table, blockquote, EOF) are the only ones; no other edge cases found.  \n6. §9.6 (summary of §8): NOTE – legacy list must cover all rule_b_files (currently 3 vs spec’s 4) or zero-violation claim fails.\n\n**Decisions / deviations**  \nnone\n\n**Open questions**  \nnone\n\n**Verdict**  \nREWORK\n\n**Next recommendation**  \nImplement the minimal T-071 proposal (exclusive-only + exactly-one-cite-on-next-line + protocol-version grandfathering) and re-run the review after hardening the legacy 4-file list and fixing J10/J11 definitions.  \n**值不值得做**  \n§5 alone is proportional for the 1-collateral problem, but §3’s invariant is still worth keeping in thinner form if B2b hard-gates.Interesting C9 detail after strip: when MARKER is inside backticks, stripping MARKER leaves broken spans ` before a real cite ` which has spaces so not a citation. So cite_count becomes 0 → stale unde...**Summary**  \nI reviewed the v2 ignore-scoping spec (commit ed7b29c) against the six §9 targets, the §3 invariant, §4 legacy bypass, §6 teeth, and §7 frictions.Ah! The cleaned spans issue: when you have `` before a real cite `src/exists.py`., the regex `([^`]+)` matches from the second backtick of the empty pair through... wait:\n**Summary**  \nI performed an adversarial code review of `docs/ignore-scoping-spec-20260728.md` (v2, commit ed7b29c) against the requirements in §9 and the four attack vectors. I verified the current `verify_protocol.py` implementation and constructed concrete counter-examples for every 6 §9 targets, the §3 invariant, the §4 legacy bypass, and the §6 teeth. The review concludes that the proposed narrow-scope changes (only §5 corrections) do not adequately address the identified risks and would leave the specification vulnerable to silent exemptions and stale citations.\n\n**Files touched**  \nnone\n\n **Acceptance verification (N/N)**  \n  - §9.1: PASS – no counter-example found for “summary scope”  \n  - §9.The deliverable is written. Let me verify it has all required sections and the format is correct. The task asked for:\n",
  "usage": {
    "input_tokens": 83336,
    "cache_read_input_tokens": 407168,
    "output_tokens": 24414,
    "reasoning_tokens": 12340,
    "total_tokens": 514918
  },
  "num_turns": 8,
  "total_cost_usd": 0.4403064,
  "total_cost_usd_ticks": 4403064000,
  "modelUsage": {
    "grok-4.5-build": {
      "inputTokens": 83336,
      "outputTokens": 24414,
      "cacheReadInputTokens": 407168,
      "modelCalls": 8,
      "costUSD": 0.4403064
    }
  }
}
