hopper-runner: idle watchdog disabled (bufferedOutput vendor) — ceiling-only timeout applies (1800000ms)
{
  "text": "I'll execute the adversarial review myself: read the v5 contract and the required background, then write the five-question verdict into `.hopper/handoffs/T-079-output.md`.Background docs are in hand. Next I'll check `validate.py` and related source for whether X10 is actually enforceable.Enough evidence for all five questions. Writing the full T-079 adversarial review deliverable.## T-079 complete\n\nDeliverable: `.hopper/handoffs/T-079-output.md` (353 lines)\n\n### Verdict: **REWORK**\n\n| 问 | 判定 |\n|---|---|\n| **Q1** §0 根规则 | **否决**（作「可机械核」）：操作数边界、常量时间层、多元判定均未定义；不可机械判定 |\n| **Q2** X10 meta-teeth | **否决**：`validate.py` 对 `time_layer/operand/X10/frozen_/RAE-` 全 0；与 attempt_id / 写入捕获同形无承载声称 |\n| **Q3** 是否放弃需求 | **部分放弃**：放弃跨时间对抗硬；未放弃 runtime 进验收路径；相对静态+单测只多买覆盖种类，硬度≈0 增量 |\n| **Q4** 三线收敛 | **部分过度归纳**：§11.6 自洽；ignore 处方是换层仍查，不是认输；口号≠同一操作处方 |\n| **Q5** 演进史 | **「不该（只）这样解」**：类级洞换层复发；应竖切+破坏性 fixture，删/降 X10 |\n\n**方向**（写入当轮硬门）可保留；**契约原文**不得进综合规格。  \n`## Files touched`: none",
  "stopReason": "EndTurn",
  "sessionId": "019fa7d0-fe2e-7973-afc4-2b8f8cbf6894",
  "requestId": "8feb3804-4f85-49d3-8857-03e33bccd77c",
  "thought": "The user wants me to perform an adversarial code review of a document contract - specifically `docs/runtime-evals-interface-contract-v5-20260728.md`. This is a read-only review task. I need to:\nI have a good amount of context. Let me continue reading more of the ignore-scoping-spec section 1, and also look at validate.py and related source for X10 feasibility. Also need to check loop SKILL.m...So `validate.py` is the harnessloop plugin framework validator - it validates manifests, marketplace entries, smoke tests, etc. It is NOT a runtime evals judgment engine. The v5 contract claims that `...I have enough context to write a thorough adversarial review. Let me also check a few more details about:\n**Summary**  \nI performed an adversarial code review of `docs/runtime-evals-interface-contract-v5-20260728.md` against the five required questions, using the provided background documents and the current harnessloop codebase at `b389eac`. The review is strictly read-only; no files were modified. I found several 1-line ambiguities in the root rule and meta-teeth claims that weaken mechanical enforceability, plus a partial mismatch between the revised “hard gate at close” and the original requirement wording. Verdict is PASS_WITH_NOTE.\n\n**Files touched**  \nnone\n\n**Acceptance verification (N/N)**  \n1. Root rule decidability — FAIL (not mechanically decidable). Evidence: no operand boundary defined in spec; gating predicates are not treated as operands; constants lack time-layer annotation.  \n2. X10 meta-teeth in validate.py  — FAIL. Evidence: grep found zero time_layer, operand, frozen_, RAE- references; validate 0.26.0 only does manifest/smoke/protocol gates, no judgment annotation checker.  \n3. User revision abandons original demand  — PASS_WITH_NOTE. Evidence: original “已声明的 eval 未跑或未过 → 该轮不得判 positive” vs revised write-time hard gate + X9. The 196-line contract still claims “hard” but now only at close; vs static+unit tests it buys runtime ledger at commit time but not post-hoc hardness.  \n4. Three-line convergence argument  — PASS_WITH_NOTE. Evidence: Batch 2 (structural), ignore (representation), Batch 1 (temporal) each 1-line conclusion; shared slogan “mechanical gate stops at gatee control” holds, but lines prove different constraints.  \n5. Evolution history  — PASS_WITH_NOTE. Evidence: 5 versions, 20+8+11 conflicts, stop criterion triggered; pattern is repeated class-level omission at higher abstraction.\n\n** 是否放弃了需求**  \nThe revision redefines “hard” to mean “hard only at the moment of close, afterward only frozen self-consistency + audit trail.” This satisfies the original demand for runtime evals supplementing static analysis (write-time blocking of honest failures) but drops durable post-hoc hardness.There's already a T-079-output.md - I should check if it's empty/partial and overwrite with my complete review.Good - T-079-output.md is just a hopper status stub. I need to write the full review content into it. Looking at other T-output formats might help for consistency, but the task specifies the output sh...Let me verify the output file was written correctly and mark the todo complete.The deliverable is complete. I should give a brief summary to the user/dispatcher of what was done.",
  "usage": {
    "input_tokens": 85762,
    "cache_read_input_tokens": 471680,
    "output_tokens": 10882,
    "reasoning_tokens": 3470,
    "total_tokens": 568324
  },
  "num_turns": 8,
  "total_cost_usd": 0.37832,
  "total_cost_usd_ticks": 3783200000,
  "modelUsage": {
    "grok-4.5-build": {
      "inputTokens": 85762,
      "outputTokens": 10882,
      "cacheReadInputTokens": 471680,
      "modelCalls": 8,
      "costUSD": 0.37832
    }
  }
}
