hopper-runner: idle watchdog disabled (bufferedOutput vendor) — ceiling-only timeout applies (1800000ms)
{
  "text": "I'll execute the adversarial review myself: read the v3 spec, prior REWORK findings, and harnessloop source, then write the T-078 deliverable.Prior reviews and the v3 spec are in hand. Next I’ll verify the profile/T2 claims and structure constraints against harnessloop source.I have enough source evidence to judge all eight targets. Drafting the adversarial review deliverable.## T-078 complete\n\nAdversarial review of `docs/loop-stop-record-spec-20260728.md` **v3** is written to `.hopper/handoffs/T-078-output.md`.\n\n### Verdict: **REWORK**\n\n(Third consecutive REWORK → convergence guard: main session should checkpoint the user, not write v4 casually.)\n\n### Target scores (8/8 answered)\n\n| # | Target | Result |\n|---|--------|--------|\n| 1 | Narrowing too far? | **NOTE** — progress, not pure regression; “all stops green” returns at exit-code layer; §4 only partly covers it and is not shippable yet |\n| 2 | §2.2 five constraints bypassable? | **PASS** on stated `successor-observed` semantics; building a real successor is not a mechanical bypass |\n| 3 | §0 T2 profile ruling? | **PASS** — source supports profile difference (not overcorrection); §4 misapplies it (lite T2 false negative) |\n| 4 | Acknowledgement loop executable? | **FAIL** — still SKILL prose; no schema / continue hard gate |\n| 5 | Profile fields kill §4 day-1? | **FAIL** — template/setup/this project have no `Profile:`; migration does not add it → anomaly always skipped |\n| 6 | Preimage digest self-proving? | **NOTE** — better than v2; prefer `baseline_commit` + git preimage |\n| 7 | Abandon harnessloop direction? | **No** — keep protocol audit layer; host/scheduler is complement, not substitute |\n| 8 | Proveable/unproveable boundary? | **FAIL** — same-file reason↔blocker consistency is cheap and was wrongly dropped |\n\n### Independent sections\n\n- **收窄是进步还是倒退** — progress with hard caveats  \n- **是否该由 harnessloop 解决** — yes for audit layer; not alone for session lifecycle  \n\n### Files touched\n\n**none** (review-only; only the handoff output was written)\n\n### Minimal ship checklist for checkpoint\n\n1. Migrate/add `Profile:` + two auto-continue booleans before enabling §4  \n2. Fix §4 triggers (lite T2; exclude `goal-achieved`)  \n3. Mechanize ack (coverage keys + continue `needs-human` when unacked)  \n4. Optional `reason-consistency` coverage (not red)  \n5. Small §2.2 harden + `baseline_commit`",
  "stopReason": "EndTurn",
  "sessionId": "019fa68e-bb61-7e93-9ec8-21ceac1e1341",
  "requestId": "69982b05-efcf-4399-ac9d-2706ffe597fa",
  "thought": "The user wants me to perform an adversarial code review of a specification document. Let me understand the task:\nI have the v3 spec and the two prior reviews. Now I need to dig into the source code to independently verify the claims, especially:\nI have a good picture of the source. Let me dig deeper into:\nI have strong evidence now. Let me dig into a few more critical points for a thorough adversarial review:\n**Summary**  \nI performed an adversarial code review of `docs/loop-stop-record-spec-20260728.md` (v3) against the prior two versions (v1/v2) and the current harnessloop source at `b389eac`. I checked every §9 target plus the two extra questions on narrowing 2.2/3 and whether the problem belongs in harnessloop. The review is strictly read-only; no files were changed.\n\n**Files touched**  \nnone\n\n**Acceptance verification (N/N)**  \n1. T2 automatic entry is profile-differentiated – PASS (source shows profile-specific Auto-Continue table and Acceptance 59-60).  \n2. Goal-achieved exclusion is correct – FAIL (v3 §4 still triggers on goal-achieved for lite/standard positive feedback).  \n3. §1 narrowing regression – NOTE (non-anomaly stops still exit 0; “every stop is green” partially revived).  \n4 5. §2.2 successor bypass – PASS (purpose-bypass acknowledged, cost of scaffolding raises lying cost).  \n6. §4 acknowledgement – FAIL (no mechanical ack field, self-audit free-text, agent can fake).  \n7. §5 Profile field day-1 death – FAIL (control-contract-template 0 Profile, migration omits it, all projects skip anomaly).  \n8. §6 preimage – NOTE (baseline from git HEAD is stronger than tool-produced baseline).  \n9. Should harnessloop solve it – NOTE (host-level scheduler would be stronger, but identity-only records have precedent value).\n\n**Decisions / deviations**  \nnone\n\n**Open questions**  \nnone\n\n**Verdict**  \nREWORK\n\n**Next recommendation**  \nRe-work v3 to restore lite negative/neutral auto-continue, add anomaly ack field, migrate Profile field, and tighten §2.2 successor proof to block empty-shell bypass.I have enough for a thorough adversarial review. Let me also check one more subtlety about §4:\n**Summary**  \nI performed an adversarial code review of `docs/loop-stop-record-spec-20260728.md` (v3) against the prior two versions and the harnessloop source at `b389eac`. I checked every §9 target plus the two extra questions on boundary placement and whether the problem belongs in harnessloop. The review found one clear bug in the anomaly-trigger logic for §4 and a minor over-correction in §3; otherwise the spec is tighter and more accurate than v2.\n\n**Files touched**  \nnone\n\n**Acceptance verification (N/N)**  \n1. v3 is not a retreat: PASS – §2.2 constraints are preserved, §3 reasons are correctly demoted to “unprovable”.  \n2. §3 correction is not over-correction: PASS  – source reading shows profile-differentiated T2 handling; v3 correctly moved from “all profiles” to “profile difference”.  \n3. 7-target coverage: PASS – each target answered with concrete counter-examples.  \n4. §4 anomaly-trigger bug: FAIL – lite profile still permits negative/neutral T2 auto-continue; v3 §4 excludes it, creating a false-negative path.  \n5. §4 goal-achieved false-positive: FAIL – legitimate goal stop with positive feedback is spuriously flagged as anomaly.  \n6. §4 acknowledgement is mechanical: FAIL – no schema, no coverage key, remains prose only.  \n7. same-file consistency checks: FAIL – cheap structural checks were wrongly moved to “unprovable”.  \n8.I need to write the full T-078-output.md. The hopper metadata frontmatter should be preserved typically - looking at T-077, they wrote the full review content after/replacing the in-progress stub. The...Let me verify the output file has all required sections and is complete.The deliverable is complete. All required sections are present. Verdict is REWORK. Files touched is none. Independent sections for 收窄 and 是否该由 harnessloop 解决 are present.\n",
  "usage": {
    "input_tokens": 82355,
    "cache_read_input_tokens": 455168,
    "output_tokens": 14520,
    "reasoning_tokens": 13099,
    "total_tokens": 552043
  },
  "num_turns": 8,
  "total_cost_usd": 0.3883804,
  "total_cost_usd_ticks": 3883804000,
  "modelUsage": {
    "grok-4.5-build": {
      "inputTokens": 82355,
      "outputTokens": 14520,
      "cacheReadInputTokens": 455168,
      "modelCalls": 8,
      "costUSD": 0.3883804
    }
  }
}
