hopper-runner: idle watchdog disabled (bufferedOutput vendor) — ceiling-only timeout applies (1800000ms)
{
  "text": "I'll execute the adversarial code review for T-089 directly: gather the task brief and change scope, then review and write `output.md`.Pulling the T-088/T-089 brief and related design context for the per-subscription delivery sequence review.Investigating openclaw for delivery sequence, cursor, watermark, and replay mechanisms independently.Gateway already has connection-level `seq` gap detection. Tracing how server assigns `seq`, whether replay exists, and how history/cursor interact with `messageSeq`.Checking a finished dual-track review format and one more detail on whether non-targeted `agent` frame `seq` could already detect drops.Writing the independent T-089 adversarial review deliverable.# T-089 complete\n\nAdversarial review is written to `.hopper/handoffs/T-089-output.md` (read-only; no code changes).\n\n## Verdict: **PASS_WITH_NOTE**\n\n### Q1 — Existing mechanism?\n**No complete fix for “无丢帧”.** Adjacent pieces exist but do not close it:\n\n| Mechanism | Role | Enough for RAE ③? |\n|-----------|------|-------------------|\n| `messageSeq` | Transcript watermark (“cursor-compatible live history”) | No |\n| history `cursor` / `seq:N` | Older-history pagination | No replay of missed WS frames |\n| Frame `seq` + `onGap` | Per-connection gap **detect** on **non-targeted** broadcast | **`session.message` is targeted → no frame `seq`** + `dropIfSlow: true` |\n| no-subscriber early return / `void` handler | Silent drop / subscribe race | Confirmed |\n\nMain session was right on `messageSeq`; it under-specified frame `seq`/`onGap`. That does **not** save condition ③.\n\n### Q2 — Correct path\n**Only change RAE-0001 condition ③** (same pattern as the 录屏→截图 contract edit): keep “无乱序”, mark “无丢帧” as out-of-layer / known gap.  \nDo **not** build a delivery sequence for this repo; do **not** make openclaw reliability the main line (project goal = plugin validation).\n\n### Q3 / Q4 (if forced)\n- Scope must be **per connection**, not per-session (fan-out to many `connId`s).\n- Smallest kernel shape: attach frame `seq` on targeted path too — still **detect only**, no repair.\n- **Neither** upstream PR nor fork expansion for delivery seq now. PR **#118674** is ModelCompatSchema, unrelated.\n\n### Next\nUser confirms condition ③ rewrite → re-record RAE; do not implement delivery sequencing in the openclaw fork.",
  "stopReason": "EndTurn",
  "sessionId": "019fe783-7456-7513-8cb9-390d67c00dd5",
  "requestId": "a65a6e82-a28f-436c-b4c2-320bd55fb40f",
  "thought": "The user wants me to execute a code-review-adversarial task as dispatched by hopper. Let me understand the task:\nI need the full T-088/T-089 brief from leader-tasklist.md. Let me extract that section, and also look at related context about per-subscription delivery sequence numbers and openclaw.I need to read the full T-088/T-089 section from leader-tasklist.md starting around line 1950.I need to independently investigate the openclaw kernel source for delivery sequence numbers, cursors, watermarks, replay, gap detection, and subscription recovery mechanisms. Let me search the opencl...I found something important! There's a `onGap` handler in `packages/gateway-client/src/protocol-client.ts` and gap handling. Let me dig deep into:This is very important! I found that openclaw already has:\nCritical finding! Looking at server-broadcast.ts:\nCritical finding confirmed:\nI have a clear picture. Let me dig into a few more critical pieces:\nImportant clarifications:\nGot it—thanks for the clarifications. The key points are clear: PR #118674 is about ModelCompatSchema config keys (not delivery sequencing), the subscribe race is at the WebSocket handler level, and the targeted vs non-targeted seq handling is the critical piece for RAE's messageSeq expectations.\n\nI see 3 main implications for the race and gap detection:\n1. `broadcastToConnIds` (used for `session.message`) is always targeted → no frame seq, so gap detection is off\n2.I have enough for a thorough adversarial design review. Let me also quickly check:\nThat’s a sharp catch on the seq handling for non-targeted broadcasts. The fact that `dropIfSlow` still bumps `clientSeq` even on silent drops means the client will see a gap on the next successful frame, which is actually a useful signal that something was lost.I have a comprehensive picture. Let me also note a subtle finding that the main session may have partially missed:\nThat finding is sharp — it pinpoints exactly where the gap in the original claim lives. The main session was right that `session.message` is always targeted and therefore never triggers the per-connection frame-seq logic, but the observation that the non-targeted broadcast path *does* have seq/gap detection (and that Swift disc cards it) is the missing piece. So the “no per-subscription delivery seq” statement is technically correct for the RAE path, yet incomplete because it doesn’t mention the adjacent non-targeted mechanism that could have helped agent/chat streams if the client had wired `onGap`.I have enough to write a thorough independent adversarial review. Let me also quickly check agent-events nextSeq to confirm it's producer-side stream seq not delivery seq.I have all the evidence. Writing the complete adversarial review deliverable now.\nGot it—I've reviewed the key findings on the existing mechanisms for drop detection in RAE. The analysis shows there's no complete solution yet, with several partial or counterproductive approaches like messageSeq watermarks, history cursors, frame seq handling, and silent drops that don't address live WS recovery or targeted session messages effectively.\n\nTo **change acceptance criteria** as the primary action seems like the right call here. It aligns with the project's goal of validating the 3 plugins, keeps things in scope for OpenClaw, and avoids overextending into protocol extensions or server-side fixes that would be better suited for a larger product-level overhaul. The secondary idea of wiring the Swift client to track frame seq for diagnostics is a nice soft improvement, but it's limited in value for the session.message path.\n\nThe deeper dive into the seq logic is interesting—especially the observation that targeted paths intentionally omit seq, and how that interacts with dropIfSlow. If we were to build delivery seq, making targeted events also use per-connection seq (by advancing clientSeq even on drops) would be a cleaner fix, but it still wouldn't solve the replay problem without additional server changes.\n\nOverall, sticking with the change acceptance criteria keeps the focus on what's assertable and avoids scope creep.The deliverable is written. I should give a concise summary in my response as the execution agent completing the task. The handoff says to produce the deliverable - I've written it to the correct path...",
  "usage": {
    "input_tokens": 156582,
    "cache_read_input_tokens": 969472,
    "output_tokens": 13584,
    "reasoning_tokens": 6958,
    "total_tokens": 1139638
  },
  "num_turns": 15,
  "total_cost_usd": 0.6855096,
  "total_cost_usd_ticks": 6855096000,
  "modelUsage": {
    "grok-4.5-build": {
      "inputTokens": 156582,
      "outputTokens": 13584,
      "cacheReadInputTokens": 969472,
      "modelCalls": 15,
      "costUSD": 0.6855096
    }
  }
}
