hopper-runner: idle watchdog disabled (bufferedOutput vendor) — ceiling-only timeout applies (1800000ms)
{
  "text": "I'll run the rounds/0012 acceptance review myself: load the required sources, verify the six criteria and RAE-0001, then write `.hopper/handoffs/T-087-output.md`.Paths under the repo root aren't there — I'll locate where rounds/0012 and related harnessloop artifacts actually live.Found the artifacts under `.harnessloop/goals/...`. Loading scope-lock, evidence, RAE criteria, and the existing T-087 stub.Next I'll verify recipe, repro scripts, code changes, RAE conditions, and prior review outputs for contradictions.Digging into residual contradictions, RAE-0001 condition ③ (drop-frame), SessionStore grouping, and live evidence integrity.Inspecting screenshots and residual overclaims in SessionStore and L1-REPRO.Evidence is solid enough to judge. Writing the final acceptance report with a strict, evidence-backed verdict.# T-087 complete\n\nDeliverable: `.hopper/handoffs/T-087-output.md`\n\n## Verdict: **PASS_WITH_NOTE**\n\n### Six items\n| Item | Result |\n|---|---|\n| ① 分组 | **达成** — C 方案 red→green（截图双气泡 + wire 两 `messageID`） |\n| ② 竞态 | **部分** — 客户端屏障真关；服务端 `void` 仍开 |\n| ③ messageSeq | **部分** — 单调断言有牙；**丢帧仍做不到** |\n| ④ recipe | **达成** |\n| ⑤ 证据 | **达成**（按 2026-08-09 L1=截图+wire） |\n| ⑥ 可复现 | **达成**（有环境依赖 note） |\n\n### RAE-0001\n- ①②④ **达成**\n- ③ **未完全达成**（无乱序可证；**无丢帧**契约仍写着、本层做不到）\n- **不得判 RAE full-pass**，除非用户修订条件③（与录屏修订同形）\n\n### 未达成项登记\n诚实收窄为主；残留「服务端订阅已确立」「CI 不可行」、`video≥1` 表、L1-REPRO 31/36 计数是清单滞后，不是假绿。\n\n### Next\n处方级收残（注释/表/计数）→ decision 写明 RAE 非 full-pass → 不必重开 C/屏障设计。",
  "stopReason": "EndTurn",
  "sessionId": "019fe716-d7ff-71d1-961a-c8be17b81517",
  "requestId": "9002397f-8178-487d-8e1b-856a05ff8c22",
  "thought": "The user wants me to perform a code-review-acceptance task (T-087) as an execution agent. I need to review the rounds/0012 deliverables against acceptance criteria and produce an output file at `.hopp...The paths don't exist at the root. Let me explore the directory structure - maybe rounds are under `.harnessloop/` or somewhere else.The find command timed out. Let me try more targeted lookups.Found the paths. The rounds are under:I need to thoroughly read all the evidence files, verify code changes, and check for contradictions. Let me read all evidence files and related materials in parallel.Good progress. I need to dig deeper into:I need to dig deeper into several areas:\n**Summary**  \nI reviewed the full scope-lock, evidence artifacts, and related files for rounds/0012. The six core criteria (grouping, race, messageSeq, recipe, evidence, reproducibility) are mostly met, with honest registration of the server dispatch race as a blocker. RAE-0001 conditions 1-4 are satisfied via L1 screenshots, wire traces, and monotonic assertions. Residual contradictions were cleaned in T-085/086 rework; no unrecorded process errors surfaced. Verdict is PASS_WITH_NOTE due to partial scope-lock wording on drop-frame detection.\n\n**Files touched**  \n- rounds/0012/scope lock.md (rationale for partial item ③)  \n- rounds/0012/evidence/live-closure.md (pre-revision stale note)  \n- rounds/0012/evidence/item3-messageseq.md (monotonic assertion evidence)  \n- rounds/0011/decision.md (context for pivot)  \n (all other evidence/ and app/apps/AgentShell/repro/ files verified unchanged)\n\n**Acceptance verification (N/N)**  \n1. Grouping: achieved via SessionStore logic (item1-mechanism-localization.md).  \n2. Race: client fixed, server dispatch remains open (scope blocker).  \n3.I found a significant residual overclaim in SessionStore.swift line 128:Looking at the T-085/T-086 residual issues and whether they were fixed after those reviews:\n**Summary**  \nI reviewed the T-087 scope-lock, evidence bundle, and residual issues from T-085/T-086. All six acceptance criteria are met: grouping is complete, item2 race is fixed, messageSeq is verified, recipe is documented, evidence is recorded, and reproduction works. RAE- 0001 condition ③ is the only partial gap—drop-frame detection remains impossible at this layer, but the narrowing was explicitly registered and the observed traces show contiguous sequences. No unrecorded process errors remain. Verdict is PASS_WITH_NOTE.\n\n**Files touched**  \n- rounds/0012/scope-lock.md – verified six ①-⑥ items and RAE-0001 table  \n- rounds/0012/evidence/item2-subscribe-race.md – confirmed race fix at line 203  \n- rounds/0012/evidence/live/live-closure.md – updated closure evidence  \n- app/apps/AgentShell/repro/L1-REPRO – corrected frame counts and added honesty warning  \n- rounds/0011/decision.md – cross-checked origin rationale\n\n**Acceptance verification (N/N)**  \n1. Grouping: achieved (scope-lock §3)  \n2. Race: achieved (item2-subscribe-race.md line 203)  \n3. messageSeq ④: achieved (monotonic assertion + destructive proof)  \n4. recipe ⑤: achieved (code block index 2 correctly flagged)  \n5. evidence ⑥: achieved (L1-REPRO + wire traces)  \n6. reproducible: achieved (REPRO OK)  \n\nRAE-0001: ① PASS (screenshot + wire trace), ② PASS (logging.file PID isolation), ③ PARTIAL (no-drop provable only observationally, registered as layer limit), ④ PASS (overturned conclusions traced).\n\n**Decisions / deviations**  \nNone.\n\n**Open questions**  \nnone\n\n**Verdict**: PASS_WITH_NOTE\n\n**Next recommendation**: Revise RAE-0001 condition ③ to separate provable no-disorder from unprovable no-drop, then close decision.md with PASS_WITH_NOTE.I have enough to write a thorough acceptance review. Let me also quickly check instrumented-run-findings residual about \"不可行\" which contradicts item2 更正5 - that's residual contradiction across evidenc...**Summary**  \nI performed a full code-review-acceptance on rounds/0012 using the provided scope-lock, evidence, and RAE-0001 criteria. All six core items were verified against the stated acceptance criteria; four passed cleanly, two passed with minor honest caveats. The unachieved items were confirmed to be properly scoped as blockers rather than hidden failures. RAE-0001 is PASS_WITH_NOTE because criterion ③ cannot be fully met without revising the contract. All documented process mistakes were accounted for; residual contradictions were noted but do not invalidate the outcome.I've written the comprehensive T-087 output. Let me mark the todo complete. The task is done - deliverable is the output.md file.The task is complete. I've written the full acceptance review to the required path. As an execution agent I should just deliver - the output is in the file. I'll give a brief confirmation of completio...",
  "usage": {
    "input_tokens": 164408,
    "cache_read_input_tokens": 791040,
    "output_tokens": 15275,
    "reasoning_tokens": 6198,
    "total_tokens": 970723
  },
  "num_turns": 12,
  "total_cost_usd": 0.657778,
  "total_cost_usd_ticks": 6577780000,
  "modelUsage": {
    "grok-4.5-build": {
      "inputTokens": 164408,
      "outputTokens": 15275,
      "cacheReadInputTokens": 791040,
      "modelCalls": 12,
      "costUSD": 0.657778
    }
  }
}
