hopper-runner: idle watchdog disabled (bufferedOutput vendor) — ceiling-only timeout applies (1800000ms)
{
  "text": "I'll independently adversarially review the goal-003 design (read-only). Loading the goal files, scope lock, and the preregistered design answers first.Digging into related contracts and state for hard contradictions and line-level evidence.Checking internal consistency issues and whether the five “silent failure” examples match the definition.Writing the adversarial review deliverable with file:line citations.Adversarial review complete. Deliverable: `.hopper/handoffs/T-104-grok-output.md`\n\n**Verdict: REWORK**\n\n### Headlines (with file anchors)\n\n| # | Finding |\n|---|---|\n| **Q1** | “上游落地” mostly **decoration**: same owner is proposer and merger; 0001 **forbids** plugin edits (`scope-lock.md:24-25,48`), so the bar is also **scope-illegal** this round |\n| **Q2** | **Compress/kill PG-1 as a full round** — definition already in `goal.md:48-49`; 5/5 backtest is hopper-only mono-shape (`goal-breakdown.md:43-51`); round violates Non-Goal “no defect → no round” (`goal.md:40`) |\n| **Q3** | “少开轮更容易达标” is half-wrong (you still need 5 rounds); **real** exploits: zeroing only **in-round** (`goal.md:51`), **002 paused** while it’s the usage field (`goal.md:15-16,84-86`), meta rounds counting toward N |\n| **Q4** | **Split** SF-P (tool lies) vs SF-C (nobody read the signal); only SF-P should zero N — merge → unfalsifiable |\n| **Q5** | Hard errors: `goal.md:113` “已开轮次：无” vs open `rounds/0001`; usage site paused vs “only when app exposes”; N adjustable is **not** a hard clash with tighten-only (`thresholds.md:35` carves N out) — prereg looked in the wrong file for that rule |\n| **Q6** | Private: N=5, five instances, 三合一, pause 002, isolation/TH-0032. Portable: SF-P shape, invalid-evidence list, install reverify, discovery guards |\n\n**Next:** unpause or dual-run 002 as usage field; redefine eligible rounds + observation window; compress PG-1; don’t increment N until the contract is coherent.",
  "stopReason": "end_turn",
  "sessionId": "019ff67d-91ef-7772-817e-c2fae9181a1b",
  "requestId": "63bfb9d7-23ab-4a79-9898-fa49f6cca20f",
  "thought": "The user wants me to perform an adversarial code review of a goal design for the harnessloop project. This is a read-only review task - I must not create/modify/delete any files except writing the out...I have a good picture of the goal design. Let me dig deeper into related files for contradictions and line references - current state, control contract, validation log references, etc. Also check for ...There's already a T-104-grok-output.md - I should check if it's empty or from a previous attempt. Also I noticed a critical inconsistency: goal.md line 113 says \"已开轮次：无\" but current.md and scope-lock ...I have enough material for a thorough adversarial review. Let me also check a few more contradictions carefully:\n**Summary**  \nI performed an adversarial code-review on the goal 003 design in `.harnessloop/goals/20260812-003-plugin-iteration/` and the pre-registered answers in `rounds/0001/evidence/prereg-goal-design-review.md`. I hunted for silent-failure loopholes, 5-round success-condition gaming, and contradictions that would let the author declare victory without real plugin hardening. Verdict: FAIL.\n\n**Files touched**  \n- `.harnessloop/goals/20260812-003-plugin-iteration/goal.md` – core contract containing N=5 and thresholds  \n- `.harnessloop /goals/20260812-003-plugin-iteration/goal-breakdown.md` – Non-Goal line 40  \n- `.harnessloop/goals/20260812-003-plugin-iteration/thresholds.md` – tighten-only rule  \n- `.harnessloop/goals/20260812-003 -plugin-iteration/feedback-policy.md` – N-adjustment claim  \n- `rounds/0001/scope-lock.md` – PG-1 scope limits  \n- `rounds/0001/evidence/prereg-goal-design-review.md` – Q1 upstream proposal  \n\n**Acceptance verification (0/6)** (all criteria failed)  \nQ1: upstream constraint is cosmetic – same-person repo, scope-lock forbids plugin changes, impossible to satisfy “at least one upstream change” without reopening scope.  \nQ2: PG-1 is definition-writing only, not plugin code; Non-Goal forbids empty rounds; back-test set 5 identical hopper instances is overfitting.  \nQ3: reverse incentive exists – defects found between rounds don’t zero N; “no real-use defect → no round” + “defects found outside counted rounds don’t count” creates game path.  \nQ4: two silent-failure families should stay separate; merging would include human-process failures (“tool said nothing, we ignored it”) making criterion unfalsifiable.  \nQ5: hard errors – goal.I'll write a comprehensive adversarial review to T-104-grok-output.md. The frontmatter is hopper-managed - I should preserve/update it carefully. Looking at other outputs for format - typically the re...The deliverable is written. Let me verify the file was written correctly and that I didn't need to do anything else. The task asked me to write to T-104-grok-output.md - done.\n",
  "usage": {
    "input_tokens": 76981,
    "cache_read_input_tokens": 263808,
    "cache_creation_input_tokens": 0,
    "output_tokens": 10369,
    "reasoning_tokens": 3067,
    "total_tokens": 351158
  },
  "num_turns": 6,
  "total_cost_usd": 0.2953184,
  "total_cost_usd_ticks": 2953184000,
  "modelUsage": {
    "grok-4.5-build": {
      "inputTokens": 76981,
      "outputTokens": 10369,
      "cacheReadInputTokens": 263808,
      "cacheCreationInputTokens": 0,
      "modelCalls": 6,
      "costUSD": 0.2953184
    }
  }
}
