hopper-runner: idle watchdog disabled (bufferedOutput vendor) — ceiling-only timeout applies (1800000ms)
{
  "text": "I'll run a read-only acceptance review of hopper 0.57.0 at `11d64bc`, focusing on `loadTaskSpec` over-rejection, under-rejection, diagnostics truthfulness, and residual claims—then write the verdict to the handoff file.Next I'll read `loadTaskSpec` / `hasSubstantiveContent` and the structural-only tests so I can run the six acceptance probes directly.I'll execute `loadTaskSpec` live against constructed fixtures for Q1–Q4, and inspect the diagnostic message paths.Q1’s two “fails” look like harness bugs (operator precedence); rechecking those cases plus compose notice wording and the official unit suite.All four questions verified by live `loadTaskSpec` execution. Writing the acceptance deliverable.## T-109-grok done\n\n**Verdict: PASS_WITH_NOTE**  \nDeliverable: `.hopper/handoffs/T-109-grok-output.md`  \nTarget: hopper-plugin `11d64bc` (0.57.0)\n\n### Four questions (live `loadTaskSpec`, not code-only)\n\n| Q | Result |\n|---|---|\n| **Q1** over-rejection | **PASS** — all 6 required code-block specs accepted with content intact (diff / md table / shell / indented `---` / tab `>` / nested fence); no mis-reject |\n| **Q2** under-rejection | **PASS** — empty fence, `--- \\| ---`, `- [ ]`, `<hr>`, ZWSP, bare `\\|` all → `null` + `structural-only-body`; lookalikes with real text still accepted |\n| **Q3** diagnostics | **PASS** — three reasons distinct; success path leaves `reason` unset; structural notice says section **exists**; `NO_SECTION` wording byte-stable |\n| **Q4** residuals | **PASS** — five CHANGELOG residual classes confirmed; unlisted peers found (`<hr class=\"x\">`, `1. [ ]`, empty HTML tags, …) consistent with “不穷尽” |\n\n### Suite / env\n- Official suite: **57/57** green  \n- Vendored sync: exit 0  \n- **No mkdtemp EPERM** — nothing skipped for environment  \n\n### Note (not blocking)\nAttributed HTML HR (`<hr class=\"x\">`) and ordered empty checkbox (`1. [ ]`) still slip through — under-rejection residuals, not a reopening of the T-108 over-rejection red line.",
  "stopReason": "end_turn",
  "sessionId": "019ff7a3-a2e2-7f90-808f-284b2ccbf51d",
  "requestId": "04fa6c11-eb96-4d9a-aa87-d2fa3dfa744f",
  "thought": "The user wants me to perform a code-review-acceptance task for hopper-plugin at commit 11d64bc. This is a read-only review - I should not create, modify, or delete any files during the review process ...Good, I found the relevant files. Let me read the loadTaskSpec implementation and tests in detail, then execute my own tests.I need to execute loadTaskSpec with my own constructed test cases. The brief says read-only sandbox may have EPERM with mkdtemp - I should try to write temp fixtures and run, or use in-memory approach...Interesting findings:\n\n1. Q1: The two \"fails\" for indent-table-skel and tilde-fence-hr are FALSE FAILS in my checker - looking at the bytes:**Summary**  \nI executed `loadTaskSpec` on the 11d64bc commit and constructed six test specs with fenced code blocks containing tables, shell commands, horizontal rules, quotes, and nested fences. All were accepted with full content preserved. I also verified the six edge cases for under-refusal (empty fence, no outer pipeline, empty checkbox, HTML rule, zero-width char, bare vertical bar) and confirmed the three null-diagnostic paths are distinguishable. CHANGELOG claims for five invisible markup types were validated as accurate and no additional classes were found.\n\n**Files touched**  \n.hopper/handoffs/T-109-g (the output file itself)\n\n**Acceptance verification (N/N)**  \nQ1 – 9 cases (indent-table-skel, tilde-fence-hr, markdown-table, shell-cmd, quote-block, nested-fence): all PASS – `spec.includes(...)` returned true and content bytes matched exactly.  \nQ2 6 edge cases: all PASS – empty fence, no-pipeline, empty checkbox, HTML rule, zero-width, bare | all accepted.  \nQ3 3 null causes: no-file, file-but-no-section, section-but-pure-structure – each returned distinct diagnostics.Interesting finding: `html-hr-with-attrs` ACCEPTED - `<hr class=\"x\">` is NOT rejected because HTML_HR_RE is `/^<hr\\s*\\/?\\s*>$/i` which doesn't allow attributes. This is an unlisted residual under-reje...**Summary**  \nI reviewed the post-release fix for the `loadTaskSpec` function in hopper 0.57.0. The changes addressed both excessive rejection of valid fenced code blocks and incomplete diagnostics for null cases. I verified the updated logic against the new acceptance criteria, confirming that structural fences and content are now 100% accepted while diagnostics remain accurate. I also noted several unlisted residual cases that still pass, which actually supports the changelog’s “not exhaustive” claim.\n\n**Files touched**  \n.hopper/handoffs/T-109-grok-output.Interesting findings for residuals not listed:**Summary**  \nI executed the post-release verification for hopper 0.57.0 release in `/Users/litianyi/Documents/Code/_ai-goods/test-harnessloop/hopper-plugin` against commit `11d64bc`.Deliverable is written. Mark todo 6 complete. Provide a concise summary to the user - though this is a hopper background task so the main deliverable is the file.The task is complete. I'll give a short summary of the verdict.",
  "usage": {
    "input_tokens": 85803,
    "cache_read_input_tokens": 464384,
    "cache_creation_input_tokens": 0,
    "output_tokens": 15769,
    "reasoning_tokens": 4459,
    "total_tokens": 565956
  },
  "num_turns": 8,
  "total_cost_usd": 0.4055352,
  "total_cost_usd_ticks": 4055352000,
  "modelUsage": {
    "grok-4.5-build": {
      "inputTokens": 85803,
      "outputTokens": 15769,
      "cacheReadInputTokens": 464384,
      "cacheCreationInputTokens": 0,
      "modelCalls": 8,
      "costUSD": 0.4055352
    }
  }
}
