hopper-runner: idle watchdog disabled (bufferedOutput vendor) — ceiling-only timeout applies (1800000ms)
{
  "text": "I'll run a read-only acceptance review of the `app/` rework against Q1–Q4, then write the verdict to the handoff output.Next I’ll read the result-before-call test fully and run the related unit tests for hard evidence.I have enough evidence for Q1–Q4. Writing the acceptance report to the handoff output.## T-111 acceptance complete\n\nDeliverable written to `.hopper/handoffs/T-111-grok-output.md`.\n\n### Verdict: **PASS_WITH_NOTE**\n\n| Q | Result | Evidence |\n|---|---|---|\n| **Q1** result-before-call 原地补全 | **PASS** | `handleToolCall`/`handleToolResult` 对称查 id；两方向只 1 条 `ConversationItem`；`frame-replay-tests` **83/83**，含 P1 用例（result 先到 → late call 补 name/args、保留 result、timeline id 唯一） |\n| **Q2** 固定 alpha 残留 | **PASS** | 生效代码 0 处 `Color.*.opacity`；全部背景为 `.regularMaterial` 或 `.fill.tertiary` |\n| **Q3** 角色区分 a11y | **PASS** | 对齐 + 文案标签（我/assistant/系统）+ 小图标；不单靠颜色 |\n| **Q4** 「构造保证」诚实性 | **NOTE** | 对本轮缺陷（固定 alpha → material）由构造消除成立；全 UI 像素级/实拍仍未验，记债不返工 |\n\n**`timelineSeq`：** first-observation 设计，result-first 时锚在 result 观测点；可接受，不造成双 identity 或结果错挂。\n\n**Next:** 接受本轮返工；可选后续补 a11y 实拍，无需再开 result-before-call / 固定 alpha 返工。",
  "stopReason": "end_turn",
  "sessionId": "019ff7ea-83e7-7100-b0b5-0b4dc6cd31c5",
  "requestId": "359be8e2-18f9-4eab-a532-4030d0d42ce8",
  "thought": "The user wants me to perform a code review acceptance verification for the agent app UI after rework. This is a read-only review task. Let me carefully follow the instructions:\nGood progress. Let me read the full handleToolCall/handleToolResult implementations, the SessionDetailView for accessibility/role distinction, all background usages more carefully, opacity/color usage...I have a solid picture of Q1-Q3. Let me also:**Summary**  \nI reviewed the post-rework changes in `app/` for T-111. Q1 is fixed: both call-first and result-first paths now produce exactly one `ConversationItem` with full content. Q2/Q4 background material was updated to `.regularMaterial` everywhere. Q3 accessibility relies on 3D icons + labels instead of color alone. Verdict is PASS.I found the critical result-before-call test. Let me read that full test and try to run the tests if possible. Also need more of the test file around the result-before-call test.Let me run the frame-replay tests to get hard evidence, and also find T-111 in leader-tasklist.Build was quick - maybe already built. Let me run the tests.I have strong evidence for the review. Let me also check:**Summary**  \nI reviewed the post-rework changes in `app/` for the AgentShell UI. The fix for Q1 correctly implements in-place completion in both `handleToolCall` and `handleToolResult`, ensuring only one `ConversationItem` per ID with full content. Q2/Q4 updates replace fixed 0.5/0.7/1.0 alpha colors with `.I notice:\n1. No accessibility labels anywhere - but visual labels and text are present for roles, so VoiceOver might still read Text content. Not a rework blocker for the stated criteria.Python confirmed no live fixed opacity. All backgrounds are regularMaterial, fill.tertiary, or the SessionListView failed banner which uses Rectangle().fill(.regularMaterial) inside .background {}.\nThe deliverable is written. Let me provide a concise summary to the user/dispatcher - though this is a background hop dispatch, the terminal output is the deliverable file. I've completed the task.\n",
  "usage": {
    "input_tokens": 87145,
    "cache_read_input_tokens": 559104,
    "cache_creation_input_tokens": 0,
    "output_tokens": 9575,
    "reasoning_tokens": 8174,
    "total_tokens": 655824
  },
  "num_turns": 10,
  "total_cost_usd": 0.3994712,
  "total_cost_usd_ticks": 3994712000,
  "modelUsage": {
    "grok-4.5-build": {
      "inputTokens": 87145,
      "outputTokens": 9575,
      "cacheReadInputTokens": 559104,
      "cacheCreationInputTokens": 0,
      "modelCalls": 10,
      "costUSD": 0.3994712
    }
  }
}
